2026-03-31 16:28:08 INFO     pyxdm.logger                   
2026-03-31 16:28:08 INFO     pyxdm.logger                   
2026-03-31 16:28:08 INFO     pyxdm.logger                   +=====================================================+
2026-03-31 16:28:08 INFO     pyxdm.logger                   |                                                     |
2026-03-31 16:28:08 INFO     pyxdm.logger                   |                                                     |
2026-03-31 16:28:08 INFO     pyxdm.logger                   |  __________        ____  ___________      _____     |
2026-03-31 16:28:08 INFO     pyxdm.logger                   |  \______   \___.__.\   \/  /\______ \    /     \    |
2026-03-31 16:28:08 INFO     pyxdm.logger                   |   |     ___<   |  | \     /  |    |  \  /  \ /  \   |
2026-03-31 16:28:08 INFO     pyxdm.logger                   |   |    |    \___  | /     \  |    `   \/    Y    \  |
2026-03-31 16:28:08 INFO     pyxdm.logger                   |   |____|    / ____|/___/\  \/_______  /\____|__  /  |
2026-03-31 16:28:08 INFO     pyxdm.logger                   |             \/           \_/        \/         \/   |
2026-03-31 16:28:08 INFO     pyxdm.logger                   |                                                     |
2026-03-31 16:28:08 INFO     pyxdm.logger                   |                                                     |
2026-03-31 16:28:08 INFO     pyxdm.logger                   |  version: 0.1.2                                     |
2026-03-31 16:28:08 INFO     pyxdm.logger                   +=====================================================+
2026-03-31 16:28:08 INFO     pyxdm.logger                   
2026-03-31 16:28:08 INFO     pyxdm.logger                   
2026-03-31 16:28:08 INFO     pyxdm.core.session             Using Becke grid with 6302 points
2026-03-31 16:28:08 INFO     pyxdm.core.core                Assuming open-shell configuration.
2026-03-31 16:28:08 INFO     pyxdm.utils.formatting         Loaded molecule information:
2026-03-31 16:28:08 INFO     pyxdm.utils.formatting         No. of atoms: 1
2026-03-31 16:28:08 INFO     pyxdm.utils.formatting         Atomic numbers: [9]
2026-03-31 16:28:08 INFO     pyxdm.utils.formatting         Pseudo atomic numbers: [9.]
2026-03-31 16:28:08 INFO     pyxdm.utils.formatting         
2026-03-31 16:28:08 INFO     pyxdm.utils.formatting         Coordinates [bohr]
2026-03-31 16:28:08 INFO     pyxdm.utils.formatting                       x             y             z
2026-03-31 16:28:08 INFO     pyxdm.utils.formatting         F  5.179172E+01  2.405621E+00  5.264021E+01
2026-03-31 16:28:08 INFO     pyxdm.utils.formatting         
2026-03-31 16:28:08 INFO     pyxdm.cli                      +------------------------------------------------+
2026-03-31 16:28:08 INFO     pyxdm.cli                      |                AIM Scheme: MBIS                |
2026-03-31 16:28:08 INFO     pyxdm.cli                      +------------------------------------------------+
2026-03-31 16:28:08 INFO     pyxdm.cli                      
2026-03-31 16:28:08 INFO     pyxdm.cli                                 Charge [e]  Population [e]
2026-03-31 16:28:08 INFO     pyxdm.cli                      F        2.174190E-10    9.000000E+00
2026-03-31 16:28:08 INFO     pyxdm.cli                      Σ_atoms  2.174190E-10    9.000000E+00
2026-03-31 16:28:08 INFO     pyxdm.cli                      
2026-03-31 16:28:08 INFO     pyxdm.cli                      
2026-03-31 16:28:08 INFO     pyxdm.cli                                     <M1^2>        <M2^2>        <M3^2>
2026-03-31 16:28:08 INFO     pyxdm.cli                      F        5.756070E+00  3.930559E+01  3.903927E+02
2026-03-31 16:28:08 INFO     pyxdm.cli                      Σ_atoms  5.756070E+00  3.930559E+01  3.903927E+02
2026-03-31 16:28:08 INFO     pyxdm.cli                      
2026-03-31 16:28:08 INFO     pyxdm.cli                      Total wall time: 0.19 seconds
2026-03-31 16:28:08 INFO     pyxdm.utils.io                 Writing results to orca.molden.input.h5
2026-03-31 16:28:08 INFO     pyxdm.cli                      +------------------------------------------------+
2026-03-31 16:28:08 INFO     pyxdm.cli                      |       PyXDM terminated successfully! :)        |
2026-03-31 16:28:08 INFO     pyxdm.cli                      +------------------------------------------------+
