2026-03-12 13:03:19 INFO     pyxdm.logger                   
2026-03-12 13:03:19 INFO     pyxdm.logger                   
2026-03-12 13:03:19 INFO     pyxdm.logger                   +=====================================================+
2026-03-12 13:03:19 INFO     pyxdm.logger                   |                                                     |
2026-03-12 13:03:19 INFO     pyxdm.logger                   |                                                     |
2026-03-12 13:03:19 INFO     pyxdm.logger                   |  __________        ____  ___________      _____     |
2026-03-12 13:03:19 INFO     pyxdm.logger                   |  \______   \___.__.\   \/  /\______ \    /     \    |
2026-03-12 13:03:19 INFO     pyxdm.logger                   |   |     ___<   |  | \     /  |    |  \  /  \ /  \   |
2026-03-12 13:03:19 INFO     pyxdm.logger                   |   |    |    \___  | /     \  |    `   \/    Y    \  |
2026-03-12 13:03:19 INFO     pyxdm.logger                   |   |____|    / ____|/___/\  \/_______  /\____|__  /  |
2026-03-12 13:03:19 INFO     pyxdm.logger                   |             \/           \_/        \/         \/   |
2026-03-12 13:03:19 INFO     pyxdm.logger                   |                                                     |
2026-03-12 13:03:19 INFO     pyxdm.logger                   |                                                     |
2026-03-12 13:03:19 INFO     pyxdm.logger                   |  version: 0.1.2                                     |
2026-03-12 13:03:19 INFO     pyxdm.logger                   +=====================================================+
2026-03-12 13:03:19 INFO     pyxdm.logger                   
2026-03-12 13:03:19 INFO     pyxdm.logger                   
2026-03-12 13:03:19 INFO     pyxdm.core.session             Using Becke grid with 24238 points
2026-03-12 13:03:19 INFO     pyxdm.core.core                Assuming closed-shell configuration.
2026-03-12 13:03:21 INFO     pyxdm.utils.formatting         Loaded molecule information:
2026-03-12 13:03:21 INFO     pyxdm.utils.formatting         No. of atoms: 6
2026-03-12 13:03:21 INFO     pyxdm.utils.formatting         Atomic numbers: [ 6 17  1  1  1  9]
2026-03-12 13:03:21 INFO     pyxdm.utils.formatting         Pseudo atomic numbers: [ 6. 17.  1.  1.  1.  9.]
2026-03-12 13:03:21 INFO     pyxdm.utils.formatting         
2026-03-12 13:03:21 INFO     pyxdm.utils.formatting         Coordinates [bohr]
2026-03-12 13:03:21 INFO     pyxdm.utils.formatting                         x              y              z
2026-03-12 13:03:21 INFO     pyxdm.utils.formatting         C    3.751593E-01   7.716350E-04  -5.706034E-03
2026-03-12 13:03:21 INFO     pyxdm.utils.formatting         Cl   3.999278E+00   8.403530E-03  -5.994370E-02
2026-03-12 13:03:21 INFO     pyxdm.utils.formatting         H   -1.209269E-01  -1.504810E+00   1.266801E+00
2026-03-12 13:03:21 INFO     pyxdm.utils.formatting         H   -1.718941E-01  -3.435714E-01  -1.933000E+00
2026-03-12 13:03:21 INFO     pyxdm.utils.formatting         H   -1.370299E-01   1.847336E+00   6.725337E-01
2026-03-12 13:03:21 INFO     pyxdm.utils.formatting         F   -3.944586E+00  -8.129367E-03   5.931468E-02
2026-03-12 13:03:21 INFO     pyxdm.utils.formatting         
2026-03-12 13:03:21 INFO     pyxdm.cli                      +------------------------------------------------+
2026-03-12 13:03:21 INFO     pyxdm.cli                      |                AIM Scheme: MBIS                |
2026-03-12 13:03:21 INFO     pyxdm.cli                      +------------------------------------------------+
2026-03-12 13:03:22 INFO     pyxdm.cli                      
2026-03-12 13:03:22 INFO     pyxdm.cli                                  Charge [e]  Population [e]
2026-03-12 13:03:22 INFO     pyxdm.cli                      C        -3.025085E-01    6.302509E+00
2026-03-12 13:03:22 INFO     pyxdm.cli                      Cl       -4.191872E-01    1.741919E+01
2026-03-12 13:03:22 INFO     pyxdm.cli                      H         1.929528E-01    8.070472E-01
2026-03-12 13:03:22 INFO     pyxdm.cli                      H         1.929125E-01    8.070875E-01
2026-03-12 13:03:22 INFO     pyxdm.cli                      H         1.931235E-01    8.068765E-01
2026-03-12 13:03:22 INFO     pyxdm.cli                      F        -8.582224E-01    9.858222E+00
2026-03-12 13:03:22 INFO     pyxdm.cli                      Σ_atoms  -1.000929E+00    3.600093E+01
2026-03-12 13:03:22 INFO     pyxdm.cli                      
2026-03-12 13:03:26 INFO     pyxdm.cli                      
2026-03-12 13:03:26 INFO     pyxdm.cli                                     <M1^2>        <M2^2>        <M3^2>
2026-03-12 13:03:26 INFO     pyxdm.cli                      C        6.099027E+00  1.062875E+02  3.047062E+03
2026-03-12 13:03:26 INFO     pyxdm.cli                      Cl       1.231213E+01  2.042308E+02  4.477109E+03
2026-03-12 13:03:26 INFO     pyxdm.cli                      H        9.836885E-01  4.318365E+00  3.810858E+01
2026-03-12 13:03:26 INFO     pyxdm.cli                      H        9.842487E-01  4.320010E+00  3.813190E+01
2026-03-12 13:03:26 INFO     pyxdm.cli                      H        9.840543E-01  4.315940E+00  3.806660E+01
2026-03-12 13:03:26 INFO     pyxdm.cli                      F        8.735645E+00  8.983900E+01  1.539094E+03
2026-03-12 13:03:26 INFO     pyxdm.cli                      Σ_atoms  3.009880E+01  4.133116E+02  9.177572E+03
2026-03-12 13:03:26 INFO     pyxdm.cli                      
2026-03-12 13:03:26 INFO     pyxdm.cli                      Total wall time: 6.58 seconds
2026-03-12 13:03:26 INFO     pyxdm.utils.io                 Writing results to neb_im3.molden.input.h5
2026-03-12 13:03:26 INFO     pyxdm.cli                      +------------------------------------------------+
2026-03-12 13:03:26 INFO     pyxdm.cli                      |       PyXDM terminated successfully! :)        |
2026-03-12 13:03:26 INFO     pyxdm.cli                      +------------------------------------------------+
