2026-03-12 13:03:33 INFO     pyxdm.logger                   
2026-03-12 13:03:33 INFO     pyxdm.logger                   
2026-03-12 13:03:33 INFO     pyxdm.logger                   +=====================================================+
2026-03-12 13:03:33 INFO     pyxdm.logger                   |                                                     |
2026-03-12 13:03:33 INFO     pyxdm.logger                   |                                                     |
2026-03-12 13:03:33 INFO     pyxdm.logger                   |  __________        ____  ___________      _____     |
2026-03-12 13:03:33 INFO     pyxdm.logger                   |  \______   \___.__.\   \/  /\______ \    /     \    |
2026-03-12 13:03:33 INFO     pyxdm.logger                   |   |     ___<   |  | \     /  |    |  \  /  \ /  \   |
2026-03-12 13:03:33 INFO     pyxdm.logger                   |   |    |    \___  | /     \  |    `   \/    Y    \  |
2026-03-12 13:03:33 INFO     pyxdm.logger                   |   |____|    / ____|/___/\  \/_______  /\____|__  /  |
2026-03-12 13:03:33 INFO     pyxdm.logger                   |             \/           \_/        \/         \/   |
2026-03-12 13:03:33 INFO     pyxdm.logger                   |                                                     |
2026-03-12 13:03:33 INFO     pyxdm.logger                   |                                                     |
2026-03-12 13:03:33 INFO     pyxdm.logger                   |  version: 0.1.2                                     |
2026-03-12 13:03:33 INFO     pyxdm.logger                   +=====================================================+
2026-03-12 13:03:33 INFO     pyxdm.logger                   
2026-03-12 13:03:33 INFO     pyxdm.logger                   
2026-03-12 13:03:33 INFO     pyxdm.core.session             Using Becke grid with 24238 points
2026-03-12 13:03:33 INFO     pyxdm.core.core                Assuming closed-shell configuration.
2026-03-12 13:03:35 INFO     pyxdm.utils.formatting         Loaded molecule information:
2026-03-12 13:03:35 INFO     pyxdm.utils.formatting         No. of atoms: 6
2026-03-12 13:03:35 INFO     pyxdm.utils.formatting         Atomic numbers: [ 6 17  1  1  1  9]
2026-03-12 13:03:35 INFO     pyxdm.utils.formatting         Pseudo atomic numbers: [ 6. 17.  1.  1.  1.  9.]
2026-03-12 13:03:35 INFO     pyxdm.utils.formatting         
2026-03-12 13:03:35 INFO     pyxdm.utils.formatting         Coordinates [bohr]
2026-03-12 13:03:35 INFO     pyxdm.utils.formatting                         x              y              z
2026-03-12 13:03:35 INFO     pyxdm.utils.formatting         C    2.798058E-01   5.646171E-04  -4.257969E-03
2026-03-12 13:03:35 INFO     pyxdm.utils.formatting         Cl   4.026898E+00   8.440101E-03  -6.034057E-02
2026-03-12 13:03:35 INFO     pyxdm.utils.formatting         H   -1.217977E-01  -1.518855E+00   1.278630E+00
2026-03-12 13:03:35 INFO     pyxdm.utils.formatting         H   -1.734377E-01  -3.467550E-01  -1.951008E+00
2026-03-12 13:03:35 INFO     pyxdm.utils.formatting         H   -1.382116E-01   1.864552E+00   6.787895E-01
2026-03-12 13:03:35 INFO     pyxdm.utils.formatting         F   -3.873257E+00  -7.946537E-03   5.818648E-02
2026-03-12 13:03:35 INFO     pyxdm.utils.formatting         
2026-03-12 13:03:35 INFO     pyxdm.cli                      +------------------------------------------------+
2026-03-12 13:03:35 INFO     pyxdm.cli                      |                AIM Scheme: MBIS                |
2026-03-12 13:03:35 INFO     pyxdm.cli                      +------------------------------------------------+
2026-03-12 13:03:36 INFO     pyxdm.cli                      
2026-03-12 13:03:36 INFO     pyxdm.cli                                  Charge [e]  Population [e]
2026-03-12 13:03:36 INFO     pyxdm.cli                      C        -2.790979E-01    6.279098E+00
2026-03-12 13:03:36 INFO     pyxdm.cli                      Cl       -4.781223E-01    1.747812E+01
2026-03-12 13:03:36 INFO     pyxdm.cli                      H         1.944689E-01    8.055311E-01
2026-03-12 13:03:36 INFO     pyxdm.cli                      H         1.946565E-01    8.053435E-01
2026-03-12 13:03:36 INFO     pyxdm.cli                      H         1.946754E-01    8.053246E-01
2026-03-12 13:03:36 INFO     pyxdm.cli                      F        -8.276482E-01    9.827648E+00
2026-03-12 13:03:36 INFO     pyxdm.cli                      Σ_atoms  -1.001068E+00    3.600107E+01
2026-03-12 13:03:36 INFO     pyxdm.cli                      
2026-03-12 13:03:40 INFO     pyxdm.cli                      
2026-03-12 13:03:40 INFO     pyxdm.cli                                     <M1^2>        <M2^2>        <M3^2>
2026-03-12 13:03:40 INFO     pyxdm.cli                      C        6.109894E+00  1.064616E+02  3.060082E+03
2026-03-12 13:03:40 INFO     pyxdm.cli                      Cl       1.267141E+01  2.141028E+02  4.818218E+03
2026-03-12 13:03:40 INFO     pyxdm.cli                      H        9.702259E-01  4.185286E+00  3.607683E+01
2026-03-12 13:03:40 INFO     pyxdm.cli                      H        9.701939E-01  4.183758E+00  3.604491E+01
2026-03-12 13:03:40 INFO     pyxdm.cli                      H        9.702901E-01  4.182254E+00  3.603182E+01
2026-03-12 13:03:40 INFO     pyxdm.cli                      F        8.456966E+00  8.462813E+01  1.396799E+03
2026-03-12 13:03:40 INFO     pyxdm.cli                      Σ_atoms  3.014898E+01  4.177439E+02  9.383252E+03
2026-03-12 13:03:40 INFO     pyxdm.cli                      
2026-03-12 13:03:40 INFO     pyxdm.cli                      Total wall time: 6.53 seconds
2026-03-12 13:03:40 INFO     pyxdm.utils.io                 Writing results to neb_im5.molden.input.h5
2026-03-12 13:03:40 INFO     pyxdm.cli                      +------------------------------------------------+
2026-03-12 13:03:40 INFO     pyxdm.cli                      |       PyXDM terminated successfully! :)        |
2026-03-12 13:03:40 INFO     pyxdm.cli                      +------------------------------------------------+
