2026-03-12 13:02:58 INFO     pyxdm.logger                   
2026-03-12 13:02:58 INFO     pyxdm.logger                   
2026-03-12 13:02:58 INFO     pyxdm.logger                   +=====================================================+
2026-03-12 13:02:58 INFO     pyxdm.logger                   |                                                     |
2026-03-12 13:02:58 INFO     pyxdm.logger                   |                                                     |
2026-03-12 13:02:58 INFO     pyxdm.logger                   |  __________        ____  ___________      _____     |
2026-03-12 13:02:58 INFO     pyxdm.logger                   |  \______   \___.__.\   \/  /\______ \    /     \    |
2026-03-12 13:02:58 INFO     pyxdm.logger                   |   |     ___<   |  | \     /  |    |  \  /  \ /  \   |
2026-03-12 13:02:58 INFO     pyxdm.logger                   |   |    |    \___  | /     \  |    `   \/    Y    \  |
2026-03-12 13:02:58 INFO     pyxdm.logger                   |   |____|    / ____|/___/\  \/_______  /\____|__  /  |
2026-03-12 13:02:58 INFO     pyxdm.logger                   |             \/           \_/        \/         \/   |
2026-03-12 13:02:58 INFO     pyxdm.logger                   |                                                     |
2026-03-12 13:02:58 INFO     pyxdm.logger                   |                                                     |
2026-03-12 13:02:58 INFO     pyxdm.logger                   |  version: 0.1.2                                     |
2026-03-12 13:02:58 INFO     pyxdm.logger                   +=====================================================+
2026-03-12 13:02:58 INFO     pyxdm.logger                   
2026-03-12 13:02:58 INFO     pyxdm.logger                   
2026-03-12 13:02:58 INFO     pyxdm.core.session             Using Becke grid with 24238 points
2026-03-12 13:02:58 INFO     pyxdm.core.core                Assuming closed-shell configuration.
2026-03-12 13:03:00 INFO     pyxdm.utils.formatting         Loaded molecule information:
2026-03-12 13:03:00 INFO     pyxdm.utils.formatting         No. of atoms: 6
2026-03-12 13:03:00 INFO     pyxdm.utils.formatting         Atomic numbers: [ 6 17  1  1  1  9]
2026-03-12 13:03:00 INFO     pyxdm.utils.formatting         Pseudo atomic numbers: [ 6. 17.  1.  1.  1.  9.]
2026-03-12 13:03:00 INFO     pyxdm.utils.formatting         
2026-03-12 13:03:00 INFO     pyxdm.utils.formatting         Coordinates [bohr]
2026-03-12 13:03:00 INFO     pyxdm.utils.formatting                         x              y              z
2026-03-12 13:03:00 INFO     pyxdm.utils.formatting         C    5.828628E-01   2.925492E-03  -1.998620E-02
2026-03-12 13:03:00 INFO     pyxdm.utils.formatting         Cl   4.045168E+00   4.819873E-03  -3.724369E-02
2026-03-12 13:03:00 INFO     pyxdm.utils.formatting         H   -5.681236E-02  -1.495972E+00   1.242853E+00
2026-03-12 13:03:00 INFO     pyxdm.utils.formatting         H   -6.670274E-02  -3.393017E-01  -1.945878E+00
2026-03-12 13:03:00 INFO     pyxdm.utils.formatting         H   -5.938424E-02   1.843406E+00   6.508003E-01
2026-03-12 13:03:00 INFO     pyxdm.utils.formatting         F   -4.445131E+00  -1.587838E-02   1.094541E-01
2026-03-12 13:03:00 INFO     pyxdm.utils.formatting         
2026-03-12 13:03:00 INFO     pyxdm.cli                      +------------------------------------------------+
2026-03-12 13:03:00 INFO     pyxdm.cli                      |                AIM Scheme: MBIS                |
2026-03-12 13:03:00 INFO     pyxdm.cli                      +------------------------------------------------+
2026-03-12 13:03:00 INFO     pyxdm.cli                      
2026-03-12 13:03:00 INFO     pyxdm.cli                                  Charge [e]  Population [e]
2026-03-12 13:03:00 INFO     pyxdm.cli                      C        -3.451164E-01    6.345116E+00
2026-03-12 13:03:00 INFO     pyxdm.cli                      Cl       -3.186706E-01    1.731867E+01
2026-03-12 13:03:00 INFO     pyxdm.cli                      H         1.930790E-01    8.069210E-01
2026-03-12 13:03:00 INFO     pyxdm.cli                      H         1.895222E-01    8.104778E-01
2026-03-12 13:03:00 INFO     pyxdm.cli                      H         1.919908E-01    8.080092E-01
2026-03-12 13:03:00 INFO     pyxdm.cli                      F        -9.117075E-01    9.911708E+00
2026-03-12 13:03:00 INFO     pyxdm.cli                      Σ_atoms  -1.000902E+00    3.600090E+01
2026-03-12 13:03:00 INFO     pyxdm.cli                      
2026-03-12 13:03:05 INFO     pyxdm.cli                      
2026-03-12 13:03:05 INFO     pyxdm.cli                                     <M1^2>        <M2^2>        <M3^2>
2026-03-12 13:03:05 INFO     pyxdm.cli                      C        6.177080E+00  1.059803E+02  2.928434E+03
2026-03-12 13:03:05 INFO     pyxdm.cli                      Cl       1.171540E+01  1.874875E+02  3.889616E+03
2026-03-12 13:03:05 INFO     pyxdm.cli                      H        1.019572E+00  4.634392E+00  4.260662E+01
2026-03-12 13:03:05 INFO     pyxdm.cli                      H        1.026955E+00  4.668687E+00  4.284856E+01
2026-03-12 13:03:05 INFO     pyxdm.cli                      H        1.022074E+00  4.644578E+00  4.266346E+01
2026-03-12 13:03:05 INFO     pyxdm.cli                      F        9.458293E+00  1.025610E+02  1.880488E+03
2026-03-12 13:03:05 INFO     pyxdm.cli                      Σ_atoms  3.041938E+01  4.099764E+02  8.826657E+03
2026-03-12 13:03:05 INFO     pyxdm.cli                      
2026-03-12 13:03:05 INFO     pyxdm.cli                      Total wall time: 6.58 seconds
2026-03-12 13:03:05 INFO     pyxdm.utils.io                 Writing results to neb_im0.molden.input.h5
2026-03-12 13:03:05 INFO     pyxdm.cli                      +------------------------------------------------+
2026-03-12 13:03:05 INFO     pyxdm.cli                      |       PyXDM terminated successfully! :)        |
2026-03-12 13:03:05 INFO     pyxdm.cli                      +------------------------------------------------+
