2026-03-12 13:04:58 INFO     pyxdm.logger                   
2026-03-12 13:04:58 INFO     pyxdm.logger                   
2026-03-12 13:04:58 INFO     pyxdm.logger                   +=====================================================+
2026-03-12 13:04:58 INFO     pyxdm.logger                   |                                                     |
2026-03-12 13:04:58 INFO     pyxdm.logger                   |                                                     |
2026-03-12 13:04:58 INFO     pyxdm.logger                   |  __________        ____  ___________      _____     |
2026-03-12 13:04:58 INFO     pyxdm.logger                   |  \______   \___.__.\   \/  /\______ \    /     \    |
2026-03-12 13:04:58 INFO     pyxdm.logger                   |   |     ___<   |  | \     /  |    |  \  /  \ /  \   |
2026-03-12 13:04:58 INFO     pyxdm.logger                   |   |    |    \___  | /     \  |    `   \/    Y    \  |
2026-03-12 13:04:58 INFO     pyxdm.logger                   |   |____|    / ____|/___/\  \/_______  /\____|__  /  |
2026-03-12 13:04:58 INFO     pyxdm.logger                   |             \/           \_/        \/         \/   |
2026-03-12 13:04:58 INFO     pyxdm.logger                   |                                                     |
2026-03-12 13:04:58 INFO     pyxdm.logger                   |                                                     |
2026-03-12 13:04:58 INFO     pyxdm.logger                   |  version: 0.1.2                                     |
2026-03-12 13:04:58 INFO     pyxdm.logger                   +=====================================================+
2026-03-12 13:04:58 INFO     pyxdm.logger                   
2026-03-12 13:04:58 INFO     pyxdm.logger                   
2026-03-12 13:04:58 INFO     pyxdm.core.session             Using Becke grid with 24238 points
2026-03-12 13:04:58 INFO     pyxdm.core.core                Assuming closed-shell configuration.
2026-03-12 13:05:00 INFO     pyxdm.utils.formatting         Loaded molecule information:
2026-03-12 13:05:00 INFO     pyxdm.utils.formatting         No. of atoms: 6
2026-03-12 13:05:00 INFO     pyxdm.utils.formatting         Atomic numbers: [ 6 17  1  1  1  9]
2026-03-12 13:05:00 INFO     pyxdm.utils.formatting         Pseudo atomic numbers: [ 6. 17.  1.  1.  1.  9.]
2026-03-12 13:05:00 INFO     pyxdm.utils.formatting         
2026-03-12 13:05:00 INFO     pyxdm.utils.formatting         Coordinates [bohr]
2026-03-12 13:05:00 INFO     pyxdm.utils.formatting                         x              y              z
2026-03-12 13:05:00 INFO     pyxdm.utils.formatting         C   -3.211879E-01  -8.132803E-04   5.122596E-03
2026-03-12 13:05:00 INFO     pyxdm.utils.formatting         Cl   4.246216E+00   8.924010E-03  -6.363787E-02
2026-03-12 13:05:00 INFO     pyxdm.utils.formatting         H   -8.966040E-02  -1.540791E+00   1.296698E+00
2026-03-12 13:05:00 INFO     pyxdm.utils.formatting         H   -1.421842E-01  -3.517907E-01  -1.980203E+00
2026-03-12 13:05:00 INFO     pyxdm.utils.formatting         H   -1.063022E-01   1.891820E+00   6.882302E-01
2026-03-12 13:05:00 INFO     pyxdm.utils.formatting         F   -3.586881E+00  -7.348424E-03   5.378987E-02
2026-03-12 13:05:00 INFO     pyxdm.utils.formatting         
2026-03-12 13:05:00 INFO     pyxdm.cli                      +------------------------------------------------+
2026-03-12 13:05:00 INFO     pyxdm.cli                      |                AIM Scheme: MBIS                |
2026-03-12 13:05:00 INFO     pyxdm.cli                      +------------------------------------------------+
2026-03-12 13:05:01 INFO     pyxdm.cli                      
2026-03-12 13:05:01 INFO     pyxdm.cli                                  Charge [e]  Population [e]
2026-03-12 13:05:01 INFO     pyxdm.cli                      C        -1.646332E-01    6.164633E+00
2026-03-12 13:05:01 INFO     pyxdm.cli                      Cl       -8.581944E-01    1.785819E+01
2026-03-12 13:05:01 INFO     pyxdm.cli                      H         1.829823E-01    8.170177E-01
2026-03-12 13:05:01 INFO     pyxdm.cli                      H         1.830053E-01    8.169947E-01
2026-03-12 13:05:01 INFO     pyxdm.cli                      H         1.829832E-01    8.170168E-01
2026-03-12 13:05:01 INFO     pyxdm.cli                      F        -5.273025E-01    9.527303E+00
2026-03-12 13:05:01 INFO     pyxdm.cli                      Σ_atoms  -1.001159E+00    3.600116E+01
2026-03-12 13:05:01 INFO     pyxdm.cli                      
2026-03-12 13:05:05 INFO     pyxdm.cli                      
2026-03-12 13:05:05 INFO     pyxdm.cli                                     <M1^2>        <M2^2>        <M3^2>
2026-03-12 13:05:05 INFO     pyxdm.cli                      C        5.934153E+00  9.730718E+01  2.473228E+03
2026-03-12 13:05:05 INFO     pyxdm.cli                      Cl       1.549734E+01  3.033782E+02  8.386802E+03
2026-03-12 13:05:05 INFO     pyxdm.cli                      H        9.681706E-01  4.010026E+00  3.198849E+01
2026-03-12 13:05:05 INFO     pyxdm.cli                      H        9.683664E-01  4.014766E+00  3.204795E+01
2026-03-12 13:05:05 INFO     pyxdm.cli                      H        9.681726E-01  4.012561E+00  3.202063E+01
2026-03-12 13:05:05 INFO     pyxdm.cli                      F        6.470806E+00  5.106886E+01  5.826972E+02
2026-03-12 13:05:05 INFO     pyxdm.cli                      Σ_atoms  3.080701E+01  4.637916E+02  1.153878E+04
2026-03-12 13:05:05 INFO     pyxdm.cli                      
2026-03-12 13:05:05 INFO     pyxdm.cli                      Total wall time: 6.74 seconds
2026-03-12 13:05:05 INFO     pyxdm.utils.io                 Writing results to neb_im17.molden.input.h5
2026-03-12 13:05:05 INFO     pyxdm.cli                      +------------------------------------------------+
2026-03-12 13:05:05 INFO     pyxdm.cli                      |       PyXDM terminated successfully! :)        |
2026-03-12 13:05:05 INFO     pyxdm.cli                      +------------------------------------------------+
