2026-03-12 13:03:47 INFO     pyxdm.logger                   
2026-03-12 13:03:47 INFO     pyxdm.logger                   
2026-03-12 13:03:47 INFO     pyxdm.logger                   +=====================================================+
2026-03-12 13:03:47 INFO     pyxdm.logger                   |                                                     |
2026-03-12 13:03:47 INFO     pyxdm.logger                   |                                                     |
2026-03-12 13:03:47 INFO     pyxdm.logger                   |  __________        ____  ___________      _____     |
2026-03-12 13:03:47 INFO     pyxdm.logger                   |  \______   \___.__.\   \/  /\______ \    /     \    |
2026-03-12 13:03:47 INFO     pyxdm.logger                   |   |     ___<   |  | \     /  |    |  \  /  \ /  \   |
2026-03-12 13:03:47 INFO     pyxdm.logger                   |   |    |    \___  | /     \  |    `   \/    Y    \  |
2026-03-12 13:03:47 INFO     pyxdm.logger                   |   |____|    / ____|/___/\  \/_______  /\____|__  /  |
2026-03-12 13:03:47 INFO     pyxdm.logger                   |             \/           \_/        \/         \/   |
2026-03-12 13:03:47 INFO     pyxdm.logger                   |                                                     |
2026-03-12 13:03:47 INFO     pyxdm.logger                   |                                                     |
2026-03-12 13:03:47 INFO     pyxdm.logger                   |  version: 0.1.2                                     |
2026-03-12 13:03:47 INFO     pyxdm.logger                   +=====================================================+
2026-03-12 13:03:47 INFO     pyxdm.logger                   
2026-03-12 13:03:47 INFO     pyxdm.logger                   
2026-03-12 13:03:47 INFO     pyxdm.core.session             Using Becke grid with 24238 points
2026-03-12 13:03:47 INFO     pyxdm.core.core                Assuming closed-shell configuration.
2026-03-12 13:03:49 INFO     pyxdm.utils.formatting         Loaded molecule information:
2026-03-12 13:03:49 INFO     pyxdm.utils.formatting         No. of atoms: 6
2026-03-12 13:03:49 INFO     pyxdm.utils.formatting         Atomic numbers: [ 6 17  1  1  1  9]
2026-03-12 13:03:49 INFO     pyxdm.utils.formatting         Pseudo atomic numbers: [ 6. 17.  1.  1.  1.  9.]
2026-03-12 13:03:49 INFO     pyxdm.utils.formatting         
2026-03-12 13:03:49 INFO     pyxdm.utils.formatting         Coordinates [bohr]
2026-03-12 13:03:49 INFO     pyxdm.utils.formatting                         x              y              z
2026-03-12 13:03:49 INFO     pyxdm.utils.formatting         C    2.033387E-01   3.989119E-04  -3.074332E-03
2026-03-12 13:03:49 INFO     pyxdm.utils.formatting         Cl   4.054194E+00   8.504547E-03  -6.080193E-02
2026-03-12 13:03:49 INFO     pyxdm.utils.formatting         H   -1.195456E-01  -1.527374E+00   1.285806E+00
2026-03-12 13:03:49 INFO     pyxdm.utils.formatting         H   -1.716007E-01  -3.487036E-01  -1.961962E+00
2026-03-12 13:03:49 INFO     pyxdm.utils.formatting         H   -1.360944E-01   1.875016E+00   6.826040E-01
2026-03-12 13:03:49 INFO     pyxdm.utils.formatting         F   -3.830292E+00  -7.841617E-03   5.742798E-02
2026-03-12 13:03:49 INFO     pyxdm.utils.formatting         
2026-03-12 13:03:49 INFO     pyxdm.cli                      +------------------------------------------------+
2026-03-12 13:03:49 INFO     pyxdm.cli                      |                AIM Scheme: MBIS                |
2026-03-12 13:03:49 INFO     pyxdm.cli                      +------------------------------------------------+
2026-03-12 13:03:49 INFO     pyxdm.cli                      
2026-03-12 13:03:49 INFO     pyxdm.cli                                  Charge [e]  Population [e]
2026-03-12 13:03:49 INFO     pyxdm.cli                      C        -2.591222E-01    6.259122E+00
2026-03-12 13:03:49 INFO     pyxdm.cli                      Cl       -5.285147E-01    1.752851E+01
2026-03-12 13:03:49 INFO     pyxdm.cli                      H         1.949668E-01    8.050332E-01
2026-03-12 13:03:49 INFO     pyxdm.cli                      H         1.951980E-01    8.048020E-01
2026-03-12 13:03:49 INFO     pyxdm.cli                      H         1.950962E-01    8.049038E-01
2026-03-12 13:03:49 INFO     pyxdm.cli                      F        -7.988002E-01    9.798800E+00
2026-03-12 13:03:49 INFO     pyxdm.cli                      Σ_atoms  -1.001176E+00    3.600118E+01
2026-03-12 13:03:49 INFO     pyxdm.cli                      
2026-03-12 13:03:54 INFO     pyxdm.cli                      
2026-03-12 13:03:54 INFO     pyxdm.cli                                     <M1^2>        <M2^2>        <M3^2>
2026-03-12 13:03:54 INFO     pyxdm.cli                      C        6.106797E+00  1.060264E+02  3.035274E+03
2026-03-12 13:03:54 INFO     pyxdm.cli                      Cl       1.298949E+01  2.231343E+02  5.142220E+03
2026-03-12 13:03:54 INFO     pyxdm.cli                      H        9.614838E-01  4.093875E+00  3.464982E+01
2026-03-12 13:03:54 INFO     pyxdm.cli                      H        9.611356E-01  4.091560E+00  3.460792E+01
2026-03-12 13:03:54 INFO     pyxdm.cli                      H        9.614459E-01  4.092385E+00  3.462852E+01
2026-03-12 13:03:54 INFO     pyxdm.cli                      F        8.220855E+00  8.023106E+01  1.278680E+03
2026-03-12 13:03:54 INFO     pyxdm.cli                      Σ_atoms  3.020121E+01  4.216696E+02  9.560060E+03
2026-03-12 13:03:54 INFO     pyxdm.cli                      
2026-03-12 13:03:54 INFO     pyxdm.cli                      Total wall time: 6.50 seconds
2026-03-12 13:03:54 INFO     pyxdm.utils.io                 Writing results to neb_im7.molden.input.h5
2026-03-12 13:03:54 INFO     pyxdm.cli                      +------------------------------------------------+
2026-03-12 13:03:54 INFO     pyxdm.cli                      |       PyXDM terminated successfully! :)        |
2026-03-12 13:03:54 INFO     pyxdm.cli                      +------------------------------------------------+
