2026-03-12 13:05:49 INFO     pyxdm.logger                   
2026-03-12 13:05:49 INFO     pyxdm.logger                   
2026-03-12 13:05:49 INFO     pyxdm.logger                   +=====================================================+
2026-03-12 13:05:49 INFO     pyxdm.logger                   |                                                     |
2026-03-12 13:05:49 INFO     pyxdm.logger                   |                                                     |
2026-03-12 13:05:49 INFO     pyxdm.logger                   |  __________        ____  ___________      _____     |
2026-03-12 13:05:49 INFO     pyxdm.logger                   |  \______   \___.__.\   \/  /\______ \    /     \    |
2026-03-12 13:05:49 INFO     pyxdm.logger                   |   |     ___<   |  | \     /  |    |  \  /  \ /  \   |
2026-03-12 13:05:49 INFO     pyxdm.logger                   |   |    |    \___  | /     \  |    `   \/    Y    \  |
2026-03-12 13:05:49 INFO     pyxdm.logger                   |   |____|    / ____|/___/\  \/_______  /\____|__  /  |
2026-03-12 13:05:49 INFO     pyxdm.logger                   |             \/           \_/        \/         \/   |
2026-03-12 13:05:49 INFO     pyxdm.logger                   |                                                     |
2026-03-12 13:05:49 INFO     pyxdm.logger                   |                                                     |
2026-03-12 13:05:49 INFO     pyxdm.logger                   |  version: 0.1.2                                     |
2026-03-12 13:05:49 INFO     pyxdm.logger                   +=====================================================+
2026-03-12 13:05:49 INFO     pyxdm.logger                   
2026-03-12 13:05:49 INFO     pyxdm.logger                   
2026-03-12 13:05:49 INFO     pyxdm.core.session             Using Becke grid with 24238 points
2026-03-12 13:05:49 INFO     pyxdm.core.core                Assuming closed-shell configuration.
2026-03-12 13:05:51 INFO     pyxdm.utils.formatting         Loaded molecule information:
2026-03-12 13:05:51 INFO     pyxdm.utils.formatting         No. of atoms: 6
2026-03-12 13:05:51 INFO     pyxdm.utils.formatting         Atomic numbers: [ 6 17  1  1  1  9]
2026-03-12 13:05:51 INFO     pyxdm.utils.formatting         Pseudo atomic numbers: [ 6. 17.  1.  1.  1.  9.]
2026-03-12 13:05:51 INFO     pyxdm.utils.formatting         
2026-03-12 13:05:51 INFO     pyxdm.utils.formatting         Coordinates [bohr]
2026-03-12 13:05:51 INFO     pyxdm.utils.formatting                         x              y              z
2026-03-12 13:05:51 INFO     pyxdm.utils.formatting         C   -8.221855E-01  -1.692478E-03   1.335955E-02
2026-03-12 13:05:51 INFO     pyxdm.utils.formatting         Cl   4.780280E+00   9.807854E-03  -7.574968E-02
2026-03-12 13:05:51 INFO     pyxdm.utils.formatting         H   -1.375186E-01  -1.484163E+00   1.251834E+00
2026-03-12 13:05:51 INFO     pyxdm.utils.formatting         H   -1.817061E-01  -3.386349E-01  -1.903972E+00
2026-03-12 13:05:51 INFO     pyxdm.utils.formatting         H   -1.524873E-01   1.822082E+00   6.655496E-01
2026-03-12 13:05:51 INFO     pyxdm.utils.formatting         F   -3.486382E+00  -7.399908E-03   4.897874E-02
2026-03-12 13:05:51 INFO     pyxdm.utils.formatting         
2026-03-12 13:05:51 INFO     pyxdm.cli                      +------------------------------------------------+
2026-03-12 13:05:51 INFO     pyxdm.cli                      |                AIM Scheme: MBIS                |
2026-03-12 13:05:51 INFO     pyxdm.cli                      +------------------------------------------------+
2026-03-12 13:05:52 INFO     pyxdm.cli                      
2026-03-12 13:05:52 INFO     pyxdm.cli                                  Charge [e]  Population [e]
2026-03-12 13:05:52 INFO     pyxdm.cli                      C        -1.294837E-01    6.129484E+00
2026-03-12 13:05:52 INFO     pyxdm.cli                      Cl       -9.797444E-01    1.797974E+01
2026-03-12 13:05:52 INFO     pyxdm.cli                      H         1.340569E-01    8.659431E-01
2026-03-12 13:05:52 INFO     pyxdm.cli                      H         1.343286E-01    8.656714E-01
2026-03-12 13:05:52 INFO     pyxdm.cli                      H         1.341281E-01    8.658719E-01
2026-03-12 13:05:52 INFO     pyxdm.cli                      F        -2.942067E-01    9.294207E+00
2026-03-12 13:05:52 INFO     pyxdm.cli                      Σ_atoms  -1.000921E+00    3.600092E+01
2026-03-12 13:05:52 INFO     pyxdm.cli                      
2026-03-12 13:05:56 INFO     pyxdm.cli                      
2026-03-12 13:05:56 INFO     pyxdm.cli                                     <M1^2>        <M2^2>        <M3^2>
2026-03-12 13:05:56 INFO     pyxdm.cli                      C        5.730052E+00  8.901934E+01  1.951233E+03
2026-03-12 13:05:56 INFO     pyxdm.cli                      Cl       1.727526E+01  3.610712E+02  1.084120E+04
2026-03-12 13:05:56 INFO     pyxdm.cli                      H        1.113519E+00  5.033904E+00  4.334816E+01
2026-03-12 13:05:56 INFO     pyxdm.cli                      H        1.112664E+00  5.024738E+00  4.324589E+01
2026-03-12 13:05:56 INFO     pyxdm.cli                      H        1.113698E+00  5.031750E+00  4.331459E+01
2026-03-12 13:05:56 INFO     pyxdm.cli                      F        5.269742E+00  3.573161E+01  3.145533E+02
2026-03-12 13:05:56 INFO     pyxdm.cli                      Σ_atoms  3.161493E+01  5.009125E+02  1.323690E+04
2026-03-12 13:05:56 INFO     pyxdm.cli                      
2026-03-12 13:05:56 INFO     pyxdm.cli                      Total wall time: 6.90 seconds
2026-03-12 13:05:56 INFO     pyxdm.utils.io                 Writing results to neb_im24.molden.input.h5
2026-03-12 13:05:56 INFO     pyxdm.cli                      +------------------------------------------------+
2026-03-12 13:05:56 INFO     pyxdm.cli                      |       PyXDM terminated successfully! :)        |
2026-03-12 13:05:56 INFO     pyxdm.cli                      +------------------------------------------------+
