2026-03-12 13:05:13 INFO     pyxdm.logger                   
2026-03-12 13:05:13 INFO     pyxdm.logger                   
2026-03-12 13:05:13 INFO     pyxdm.logger                   +=====================================================+
2026-03-12 13:05:13 INFO     pyxdm.logger                   |                                                     |
2026-03-12 13:05:13 INFO     pyxdm.logger                   |                                                     |
2026-03-12 13:05:13 INFO     pyxdm.logger                   |  __________        ____  ___________      _____     |
2026-03-12 13:05:13 INFO     pyxdm.logger                   |  \______   \___.__.\   \/  /\______ \    /     \    |
2026-03-12 13:05:13 INFO     pyxdm.logger                   |   |     ___<   |  | \     /  |    |  \  /  \ /  \   |
2026-03-12 13:05:13 INFO     pyxdm.logger                   |   |    |    \___  | /     \  |    `   \/    Y    \  |
2026-03-12 13:05:13 INFO     pyxdm.logger                   |   |____|    / ____|/___/\  \/_______  /\____|__  /  |
2026-03-12 13:05:13 INFO     pyxdm.logger                   |             \/           \_/        \/         \/   |
2026-03-12 13:05:13 INFO     pyxdm.logger                   |                                                     |
2026-03-12 13:05:13 INFO     pyxdm.logger                   |                                                     |
2026-03-12 13:05:13 INFO     pyxdm.logger                   |  version: 0.1.2                                     |
2026-03-12 13:05:13 INFO     pyxdm.logger                   +=====================================================+
2026-03-12 13:05:13 INFO     pyxdm.logger                   
2026-03-12 13:05:13 INFO     pyxdm.logger                   
2026-03-12 13:05:13 INFO     pyxdm.core.session             Using Becke grid with 24238 points
2026-03-12 13:05:13 INFO     pyxdm.core.core                Assuming closed-shell configuration.
2026-03-12 13:05:15 INFO     pyxdm.utils.formatting         Loaded molecule information:
2026-03-12 13:05:15 INFO     pyxdm.utils.formatting         No. of atoms: 6
2026-03-12 13:05:15 INFO     pyxdm.utils.formatting         Atomic numbers: [ 6 17  1  1  1  9]
2026-03-12 13:05:15 INFO     pyxdm.utils.formatting         Pseudo atomic numbers: [ 6. 17.  1.  1.  1.  9.]
2026-03-12 13:05:15 INFO     pyxdm.utils.formatting         
2026-03-12 13:05:15 INFO     pyxdm.utils.formatting         Coordinates [bohr]
2026-03-12 13:05:15 INFO     pyxdm.utils.formatting                         x              y              z
2026-03-12 13:05:15 INFO     pyxdm.utils.formatting         C   -6.375840E-01  -1.237443E-03   9.390838E-03
2026-03-12 13:05:15 INFO     pyxdm.utils.formatting         Cl   4.399850E+00   9.274517E-03  -6.625555E-02
2026-03-12 13:05:15 INFO     pyxdm.utils.formatting         H   -7.973976E-02  -1.513661E+00   1.274187E+00
2026-03-12 13:05:15 INFO     pyxdm.utils.formatting         H   -1.311746E-01  -3.456974E-01  -1.945300E+00
2026-03-12 13:05:15 INFO     pyxdm.utils.formatting         H   -9.595156E-02   1.858448E+00   6.764625E-01
2026-03-12 13:05:15 INFO     pyxdm.utils.formatting         F   -3.455400E+00  -7.126434E-03   5.151554E-02
2026-03-12 13:05:15 INFO     pyxdm.utils.formatting         
2026-03-12 13:05:15 INFO     pyxdm.cli                      +------------------------------------------------+
2026-03-12 13:05:15 INFO     pyxdm.cli                      |                AIM Scheme: MBIS                |
2026-03-12 13:05:15 INFO     pyxdm.cli                      +------------------------------------------------+
2026-03-12 13:05:15 INFO     pyxdm.cli                      
2026-03-12 13:05:15 INFO     pyxdm.cli                                  Charge [e]  Population [e]
2026-03-12 13:05:15 INFO     pyxdm.cli                      C        -1.508338E-01    6.150834E+00
2026-03-12 13:05:15 INFO     pyxdm.cli                      Cl       -9.625408E-01    1.796254E+01
2026-03-12 13:05:15 INFO     pyxdm.cli                      H         1.566365E-01    8.433635E-01
2026-03-12 13:05:15 INFO     pyxdm.cli                      H         1.566602E-01    8.433398E-01
2026-03-12 13:05:15 INFO     pyxdm.cli                      H         1.568405E-01    8.431595E-01
2026-03-12 13:05:15 INFO     pyxdm.cli                      F        -3.574531E-01    9.357453E+00
2026-03-12 13:05:15 INFO     pyxdm.cli                      Σ_atoms  -1.000691E+00    3.600069E+01
2026-03-12 13:05:15 INFO     pyxdm.cli                      
2026-03-12 13:05:20 INFO     pyxdm.cli                      
2026-03-12 13:05:20 INFO     pyxdm.cli                                     <M1^2>        <M2^2>        <M3^2>
2026-03-12 13:05:20 INFO     pyxdm.cli                      C        5.790731E+00  9.198528E+01  2.120188E+03
2026-03-12 13:05:20 INFO     pyxdm.cli                      Cl       1.667743E+01  3.439826E+02  1.015678E+04
2026-03-12 13:05:20 INFO     pyxdm.cli                      H        1.046666E+00  4.549388E+00  3.773313E+01
2026-03-12 13:05:20 INFO     pyxdm.cli                      H        1.046342E+00  4.545510E+00  3.768363E+01
2026-03-12 13:05:20 INFO     pyxdm.cli                      H        1.046730E+00  4.544601E+00  3.765901E+01
2026-03-12 13:05:20 INFO     pyxdm.cli                      F        5.575558E+00  3.932874E+01  3.699815E+02
2026-03-12 13:05:20 INFO     pyxdm.cli                      Σ_atoms  3.118346E+01  4.889362E+02  1.276003E+04
2026-03-12 13:05:20 INFO     pyxdm.cli                      
2026-03-12 13:05:20 INFO     pyxdm.cli                      Total wall time: 6.95 seconds
2026-03-12 13:05:20 INFO     pyxdm.utils.io                 Writing results to neb_im19.molden.input.h5
2026-03-12 13:05:20 INFO     pyxdm.cli                      +------------------------------------------------+
2026-03-12 13:05:20 INFO     pyxdm.cli                      |       PyXDM terminated successfully! :)        |
2026-03-12 13:05:20 INFO     pyxdm.cli                      +------------------------------------------------+
