2026-03-12 13:05:06 INFO     pyxdm.logger                   
2026-03-12 13:05:06 INFO     pyxdm.logger                   
2026-03-12 13:05:06 INFO     pyxdm.logger                   +=====================================================+
2026-03-12 13:05:06 INFO     pyxdm.logger                   |                                                     |
2026-03-12 13:05:06 INFO     pyxdm.logger                   |                                                     |
2026-03-12 13:05:06 INFO     pyxdm.logger                   |  __________        ____  ___________      _____     |
2026-03-12 13:05:06 INFO     pyxdm.logger                   |  \______   \___.__.\   \/  /\______ \    /     \    |
2026-03-12 13:05:06 INFO     pyxdm.logger                   |   |     ___<   |  | \     /  |    |  \  /  \ /  \   |
2026-03-12 13:05:06 INFO     pyxdm.logger                   |   |    |    \___  | /     \  |    `   \/    Y    \  |
2026-03-12 13:05:06 INFO     pyxdm.logger                   |   |____|    / ____|/___/\  \/_______  /\____|__  /  |
2026-03-12 13:05:06 INFO     pyxdm.logger                   |             \/           \_/        \/         \/   |
2026-03-12 13:05:06 INFO     pyxdm.logger                   |                                                     |
2026-03-12 13:05:06 INFO     pyxdm.logger                   |                                                     |
2026-03-12 13:05:06 INFO     pyxdm.logger                   |  version: 0.1.2                                     |
2026-03-12 13:05:06 INFO     pyxdm.logger                   +=====================================================+
2026-03-12 13:05:06 INFO     pyxdm.logger                   
2026-03-12 13:05:06 INFO     pyxdm.logger                   
2026-03-12 13:05:06 INFO     pyxdm.core.session             Using Becke grid with 24238 points
2026-03-12 13:05:06 INFO     pyxdm.core.core                Assuming closed-shell configuration.
2026-03-12 13:05:07 INFO     pyxdm.utils.formatting         Loaded molecule information:
2026-03-12 13:05:07 INFO     pyxdm.utils.formatting         No. of atoms: 6
2026-03-12 13:05:07 INFO     pyxdm.utils.formatting         Atomic numbers: [ 6 17  1  1  1  9]
2026-03-12 13:05:07 INFO     pyxdm.utils.formatting         Pseudo atomic numbers: [ 6. 17.  1.  1.  1.  9.]
2026-03-12 13:05:07 INFO     pyxdm.utils.formatting         
2026-03-12 13:05:07 INFO     pyxdm.utils.formatting         Coordinates [bohr]
2026-03-12 13:05:07 INFO     pyxdm.utils.formatting                         x              y              z
2026-03-12 13:05:07 INFO     pyxdm.utils.formatting         C   -5.035867E-01  -1.026779E-03   7.411189E-03
2026-03-12 13:05:07 INFO     pyxdm.utils.formatting         Cl   4.319009E+00   9.100323E-03  -6.472794E-02
2026-03-12 13:05:07 INFO     pyxdm.utils.formatting         H   -8.144125E-02  -1.529729E+00   1.287260E+00
2026-03-12 13:05:07 INFO     pyxdm.utils.formatting         H   -1.331698E-01  -3.492142E-01  -1.965827E+00
2026-03-12 13:05:07 INFO     pyxdm.utils.formatting         H   -9.777433E-02   1.878096E+00   6.831082E-01
2026-03-12 13:05:07 INFO     pyxdm.utils.formatting         F   -3.503037E+00  -7.226286E-03   5.277597E-02
2026-03-12 13:05:07 INFO     pyxdm.utils.formatting         
2026-03-12 13:05:07 INFO     pyxdm.cli                      +------------------------------------------------+
2026-03-12 13:05:07 INFO     pyxdm.cli                      |                AIM Scheme: MBIS                |
2026-03-12 13:05:07 INFO     pyxdm.cli                      +------------------------------------------------+
2026-03-12 13:05:08 INFO     pyxdm.cli                      
2026-03-12 13:05:08 INFO     pyxdm.cli                                  Charge [e]  Population [e]
2026-03-12 13:05:08 INFO     pyxdm.cli                      C        -1.559127E-01    6.155913E+00
2026-03-12 13:05:08 INFO     pyxdm.cli                      Cl       -9.303862E-01    1.793039E+01
2026-03-12 13:05:08 INFO     pyxdm.cli                      H         1.702014E-01    8.297986E-01
2026-03-12 13:05:08 INFO     pyxdm.cli                      H         1.703213E-01    8.296787E-01
2026-03-12 13:05:08 INFO     pyxdm.cli                      H         1.703458E-01    8.296542E-01
2026-03-12 13:05:08 INFO     pyxdm.cli                      F        -4.255607E-01    9.425561E+00
2026-03-12 13:05:08 INFO     pyxdm.cli                      Σ_atoms  -1.000991E+00    3.600099E+01
2026-03-12 13:05:08 INFO     pyxdm.cli                      
2026-03-12 13:05:12 INFO     pyxdm.cli                      
2026-03-12 13:05:12 INFO     pyxdm.cli                                     <M1^2>        <M2^2>        <M3^2>
2026-03-12 13:05:12 INFO     pyxdm.cli                      C        5.855423E+00  9.420462E+01  2.262107E+03
2026-03-12 13:05:12 INFO     pyxdm.cli                      Cl       1.624559E+01  3.292980E+02  9.516081E+03
2026-03-12 13:05:12 INFO     pyxdm.cli                      H        1.005554E+00  4.259878E+00  3.454523E+01
2026-03-12 13:05:12 INFO     pyxdm.cli                      H        1.005392E+00  4.257319E+00  3.450822E+01
2026-03-12 13:05:12 INFO     pyxdm.cli                      H        1.005537E+00  4.257140E+00  3.450628E+01
2026-03-12 13:05:12 INFO     pyxdm.cli                      F        5.923644E+00  4.363227E+01  4.421005E+02
2026-03-12 13:05:12 INFO     pyxdm.cli                      Σ_atoms  3.104114E+01  4.799092E+02  1.232385E+04
2026-03-12 13:05:12 INFO     pyxdm.cli                      
2026-03-12 13:05:12 INFO     pyxdm.cli                      Total wall time: 6.82 seconds
2026-03-12 13:05:12 INFO     pyxdm.utils.io                 Writing results to neb_im18.molden.input.h5
2026-03-12 13:05:12 INFO     pyxdm.cli                      +------------------------------------------------+
2026-03-12 13:05:12 INFO     pyxdm.cli                      |       PyXDM terminated successfully! :)        |
2026-03-12 13:05:12 INFO     pyxdm.cli                      +------------------------------------------------+
