2026-03-12 13:04:01 INFO     pyxdm.logger                   
2026-03-12 13:04:01 INFO     pyxdm.logger                   
2026-03-12 13:04:01 INFO     pyxdm.logger                   +=====================================================+
2026-03-12 13:04:01 INFO     pyxdm.logger                   |                                                     |
2026-03-12 13:04:01 INFO     pyxdm.logger                   |                                                     |
2026-03-12 13:04:01 INFO     pyxdm.logger                   |  __________        ____  ___________      _____     |
2026-03-12 13:04:01 INFO     pyxdm.logger                   |  \______   \___.__.\   \/  /\______ \    /     \    |
2026-03-12 13:04:01 INFO     pyxdm.logger                   |   |     ___<   |  | \     /  |    |  \  /  \ /  \   |
2026-03-12 13:04:01 INFO     pyxdm.logger                   |   |    |    \___  | /     \  |    `   \/    Y    \  |
2026-03-12 13:04:01 INFO     pyxdm.logger                   |   |____|    / ____|/___/\  \/_______  /\____|__  /  |
2026-03-12 13:04:01 INFO     pyxdm.logger                   |             \/           \_/        \/         \/   |
2026-03-12 13:04:01 INFO     pyxdm.logger                   |                                                     |
2026-03-12 13:04:01 INFO     pyxdm.logger                   |                                                     |
2026-03-12 13:04:01 INFO     pyxdm.logger                   |  version: 0.1.2                                     |
2026-03-12 13:04:01 INFO     pyxdm.logger                   +=====================================================+
2026-03-12 13:04:01 INFO     pyxdm.logger                   
2026-03-12 13:04:01 INFO     pyxdm.logger                   
2026-03-12 13:04:01 INFO     pyxdm.core.session             Using Becke grid with 24238 points
2026-03-12 13:04:01 INFO     pyxdm.core.core                Assuming closed-shell configuration.
2026-03-12 13:04:03 INFO     pyxdm.utils.formatting         Loaded molecule information:
2026-03-12 13:04:03 INFO     pyxdm.utils.formatting         No. of atoms: 6
2026-03-12 13:04:03 INFO     pyxdm.utils.formatting         Atomic numbers: [ 6 17  1  1  1  9]
2026-03-12 13:04:03 INFO     pyxdm.utils.formatting         Pseudo atomic numbers: [ 6. 17.  1.  1.  1.  9.]
2026-03-12 13:04:03 INFO     pyxdm.utils.formatting         
2026-03-12 13:04:03 INFO     pyxdm.utils.formatting         Coordinates [bohr]
2026-03-12 13:04:03 INFO     pyxdm.utils.formatting                         x              y              z
2026-03-12 13:04:03 INFO     pyxdm.utils.formatting         C    1.377810E-01   2.558460E-04  -2.070418E-03
2026-03-12 13:04:03 INFO     pyxdm.utils.formatting         Cl   4.078475E+00   8.552746E-03  -6.118216E-02
2026-03-12 13:04:03 INFO     pyxdm.utils.formatting         H   -1.167491E-01  -1.533086E+00   1.290588E+00
2026-03-12 13:04:03 INFO     pyxdm.utils.formatting         H   -1.690407E-01  -3.499991E-01  -1.969354E+00
2026-03-12 13:04:03 INFO     pyxdm.utils.formatting         H   -1.333885E-01   1.882043E+00   6.851219E-01
2026-03-12 13:04:03 INFO     pyxdm.utils.formatting         F   -3.797078E+00  -7.767110E-03   5.689658E-02
2026-03-12 13:04:03 INFO     pyxdm.utils.formatting         
2026-03-12 13:04:03 INFO     pyxdm.cli                      +------------------------------------------------+
2026-03-12 13:04:03 INFO     pyxdm.cli                      |                AIM Scheme: MBIS                |
2026-03-12 13:04:03 INFO     pyxdm.cli                      +------------------------------------------------+
2026-03-12 13:04:03 INFO     pyxdm.cli                      
2026-03-12 13:04:03 INFO     pyxdm.cli                                  Charge [e]  Population [e]
2026-03-12 13:04:03 INFO     pyxdm.cli                      C        -2.427121E-01    6.242712E+00
2026-03-12 13:04:03 INFO     pyxdm.cli                      Cl       -5.729166E-01    1.757292E+01
2026-03-12 13:04:03 INFO     pyxdm.cli                      H         1.950678E-01    8.049322E-01
2026-03-12 13:04:03 INFO     pyxdm.cli                      H         1.952045E-01    8.047955E-01
2026-03-12 13:04:03 INFO     pyxdm.cli                      H         1.951027E-01    8.048973E-01
2026-03-12 13:04:03 INFO     pyxdm.cli                      F        -7.709625E-01    9.770963E+00
2026-03-12 13:04:03 INFO     pyxdm.cli                      Σ_atoms  -1.001216E+00    3.600122E+01
2026-03-12 13:04:03 INFO     pyxdm.cli                      
2026-03-12 13:04:08 INFO     pyxdm.cli                      
2026-03-12 13:04:08 INFO     pyxdm.cli                                     <M1^2>        <M2^2>        <M3^2>
2026-03-12 13:04:08 INFO     pyxdm.cli                      C        6.097482E+00  1.053885E+02  2.996649E+03
2026-03-12 13:04:08 INFO     pyxdm.cli                      Cl       1.328012E+01  2.316563E+02  5.458262E+03
2026-03-12 13:04:08 INFO     pyxdm.cli                      H        9.555066E-01  4.027791E+00  3.359103E+01
2026-03-12 13:04:08 INFO     pyxdm.cli                      H        9.549418E-01  4.026408E+00  3.356900E+01
2026-03-12 13:04:08 INFO     pyxdm.cli                      H        9.553604E-01  4.027686E+00  3.359105E+01
2026-03-12 13:04:08 INFO     pyxdm.cli                      F        8.007792E+00  7.632422E+01  1.175849E+03
2026-03-12 13:04:08 INFO     pyxdm.cli                      Σ_atoms  3.025120E+01  4.254509E+02  9.731511E+03
2026-03-12 13:04:08 INFO     pyxdm.cli                      
2026-03-12 13:04:08 INFO     pyxdm.cli                      Total wall time: 6.60 seconds
2026-03-12 13:04:08 INFO     pyxdm.utils.io                 Writing results to neb_im9.molden.input.h5
2026-03-12 13:04:08 INFO     pyxdm.cli                      +------------------------------------------------+
2026-03-12 13:04:08 INFO     pyxdm.cli                      |       PyXDM terminated successfully! :)        |
2026-03-12 13:04:08 INFO     pyxdm.cli                      +------------------------------------------------+
