2026-03-12 13:03:05 INFO     pyxdm.logger                   
2026-03-12 13:03:05 INFO     pyxdm.logger                   
2026-03-12 13:03:05 INFO     pyxdm.logger                   +=====================================================+
2026-03-12 13:03:05 INFO     pyxdm.logger                   |                                                     |
2026-03-12 13:03:05 INFO     pyxdm.logger                   |                                                     |
2026-03-12 13:03:05 INFO     pyxdm.logger                   |  __________        ____  ___________      _____     |
2026-03-12 13:03:05 INFO     pyxdm.logger                   |  \______   \___.__.\   \/  /\______ \    /     \    |
2026-03-12 13:03:05 INFO     pyxdm.logger                   |   |     ___<   |  | \     /  |    |  \  /  \ /  \   |
2026-03-12 13:03:05 INFO     pyxdm.logger                   |   |    |    \___  | /     \  |    `   \/    Y    \  |
2026-03-12 13:03:05 INFO     pyxdm.logger                   |   |____|    / ____|/___/\  \/_______  /\____|__  /  |
2026-03-12 13:03:05 INFO     pyxdm.logger                   |             \/           \_/        \/         \/   |
2026-03-12 13:03:05 INFO     pyxdm.logger                   |                                                     |
2026-03-12 13:03:05 INFO     pyxdm.logger                   |                                                     |
2026-03-12 13:03:05 INFO     pyxdm.logger                   |  version: 0.1.2                                     |
2026-03-12 13:03:05 INFO     pyxdm.logger                   +=====================================================+
2026-03-12 13:03:05 INFO     pyxdm.logger                   
2026-03-12 13:03:05 INFO     pyxdm.logger                   
2026-03-12 13:03:05 INFO     pyxdm.core.session             Using Becke grid with 24238 points
2026-03-12 13:03:05 INFO     pyxdm.core.core                Assuming closed-shell configuration.
2026-03-12 13:03:07 INFO     pyxdm.utils.formatting         Loaded molecule information:
2026-03-12 13:03:07 INFO     pyxdm.utils.formatting         No. of atoms: 6
2026-03-12 13:03:07 INFO     pyxdm.utils.formatting         Atomic numbers: [ 6 17  1  1  1  9]
2026-03-12 13:03:07 INFO     pyxdm.utils.formatting         Pseudo atomic numbers: [ 6. 17.  1.  1.  1.  9.]
2026-03-12 13:03:07 INFO     pyxdm.utils.formatting         
2026-03-12 13:03:07 INFO     pyxdm.utils.formatting         Coordinates [bohr]
2026-03-12 13:03:07 INFO     pyxdm.utils.formatting                         x              y              z
2026-03-12 13:03:07 INFO     pyxdm.utils.formatting         C    5.214033E-01   2.481657E-03  -1.595430E-02
2026-03-12 13:03:07 INFO     pyxdm.utils.formatting         Cl   4.018369E+00   5.462666E-03  -4.329876E-02
2026-03-12 13:03:07 INFO     pyxdm.utils.formatting         H   -9.167236E-02  -1.480330E+00   1.235254E+00
2026-03-12 13:03:07 INFO     pyxdm.utils.formatting         H   -1.120494E-01  -3.366872E-01  -1.920030E+00
2026-03-12 13:03:07 INFO     pyxdm.utils.formatting         H   -9.741292E-02   1.823007E+00   6.499584E-01
2026-03-12 13:03:07 INFO     pyxdm.utils.formatting         F   -4.238638E+00  -1.393373E-02   9.407140E-02
2026-03-12 13:03:07 INFO     pyxdm.utils.formatting         
2026-03-12 13:03:07 INFO     pyxdm.cli                      +------------------------------------------------+
2026-03-12 13:03:07 INFO     pyxdm.cli                      |                AIM Scheme: MBIS                |
2026-03-12 13:03:07 INFO     pyxdm.cli                      +------------------------------------------------+
2026-03-12 13:03:08 INFO     pyxdm.cli                      
2026-03-12 13:03:08 INFO     pyxdm.cli                                  Charge [e]  Population [e]
2026-03-12 13:03:08 INFO     pyxdm.cli                      C        -3.286718E-01    6.328672E+00
2026-03-12 13:03:08 INFO     pyxdm.cli                      Cl       -3.448589E-01    1.734486E+01
2026-03-12 13:03:08 INFO     pyxdm.cli                      H         1.915455E-01    8.084545E-01
2026-03-12 13:03:08 INFO     pyxdm.cli                      H         1.886550E-01    8.113450E-01
2026-03-12 13:03:08 INFO     pyxdm.cli                      H         1.906379E-01    8.093621E-01
2026-03-12 13:03:08 INFO     pyxdm.cli                      F        -8.982248E-01    9.898225E+00
2026-03-12 13:03:08 INFO     pyxdm.cli                      Σ_atoms  -1.000917E+00    3.600092E+01
2026-03-12 13:03:08 INFO     pyxdm.cli                      
2026-03-12 13:03:12 INFO     pyxdm.cli                      
2026-03-12 13:03:12 INFO     pyxdm.cli                                     <M1^2>        <M2^2>        <M3^2>
2026-03-12 13:03:12 INFO     pyxdm.cli                      C        6.106328E+00  1.047409E+02  2.915298E+03
2026-03-12 13:03:12 INFO     pyxdm.cli                      Cl       1.186972E+01  1.918595E+02  4.047255E+03
2026-03-12 13:03:12 INFO     pyxdm.cli                      H        1.001175E+00  4.481181E+00  4.048718E+01
2026-03-12 13:03:12 INFO     pyxdm.cli                      H        1.008037E+00  4.516299E+00  4.080003E+01
2026-03-12 13:03:12 INFO     pyxdm.cli                      H        1.003819E+00  4.492254E+00  4.057558E+01
2026-03-12 13:03:12 INFO     pyxdm.cli                      F        9.233306E+00  9.867887E+01  1.777550E+03
2026-03-12 13:03:12 INFO     pyxdm.cli                      Σ_atoms  3.022239E+01  4.087690E+02  8.861965E+03
2026-03-12 13:03:12 INFO     pyxdm.cli                      
2026-03-12 13:03:12 INFO     pyxdm.cli                      Total wall time: 6.61 seconds
2026-03-12 13:03:12 INFO     pyxdm.utils.io                 Writing results to neb_im1.molden.input.h5
2026-03-12 13:03:12 INFO     pyxdm.cli                      +------------------------------------------------+
2026-03-12 13:03:12 INFO     pyxdm.cli                      |       PyXDM terminated successfully! :)        |
2026-03-12 13:03:12 INFO     pyxdm.cli                      +------------------------------------------------+
