2026-03-12 13:03:26 INFO     pyxdm.logger                   
2026-03-12 13:03:26 INFO     pyxdm.logger                   
2026-03-12 13:03:26 INFO     pyxdm.logger                   +=====================================================+
2026-03-12 13:03:26 INFO     pyxdm.logger                   |                                                     |
2026-03-12 13:03:26 INFO     pyxdm.logger                   |                                                     |
2026-03-12 13:03:26 INFO     pyxdm.logger                   |  __________        ____  ___________      _____     |
2026-03-12 13:03:26 INFO     pyxdm.logger                   |  \______   \___.__.\   \/  /\______ \    /     \    |
2026-03-12 13:03:26 INFO     pyxdm.logger                   |   |     ___<   |  | \     /  |    |  \  /  \ /  \   |
2026-03-12 13:03:26 INFO     pyxdm.logger                   |   |    |    \___  | /     \  |    `   \/    Y    \  |
2026-03-12 13:03:26 INFO     pyxdm.logger                   |   |____|    / ____|/___/\  \/_______  /\____|__  /  |
2026-03-12 13:03:26 INFO     pyxdm.logger                   |             \/           \_/        \/         \/   |
2026-03-12 13:03:26 INFO     pyxdm.logger                   |                                                     |
2026-03-12 13:03:26 INFO     pyxdm.logger                   |                                                     |
2026-03-12 13:03:26 INFO     pyxdm.logger                   |  version: 0.1.2                                     |
2026-03-12 13:03:26 INFO     pyxdm.logger                   +=====================================================+
2026-03-12 13:03:26 INFO     pyxdm.logger                   
2026-03-12 13:03:26 INFO     pyxdm.logger                   
2026-03-12 13:03:26 INFO     pyxdm.core.session             Using Becke grid with 24238 points
2026-03-12 13:03:26 INFO     pyxdm.core.core                Assuming closed-shell configuration.
2026-03-12 13:03:28 INFO     pyxdm.utils.formatting         Loaded molecule information:
2026-03-12 13:03:28 INFO     pyxdm.utils.formatting         No. of atoms: 6
2026-03-12 13:03:28 INFO     pyxdm.utils.formatting         Atomic numbers: [ 6 17  1  1  1  9]
2026-03-12 13:03:28 INFO     pyxdm.utils.formatting         Pseudo atomic numbers: [ 6. 17.  1.  1.  1.  9.]
2026-03-12 13:03:28 INFO     pyxdm.utils.formatting         
2026-03-12 13:03:28 INFO     pyxdm.utils.formatting         Coordinates [bohr]
2026-03-12 13:03:28 INFO     pyxdm.utils.formatting                         x              y              z
2026-03-12 13:03:28 INFO     pyxdm.utils.formatting         C    3.233310E-01   6.644253E-04  -4.940459E-03
2026-03-12 13:03:28 INFO     pyxdm.utils.formatting         Cl   4.012971E+00   8.403438E-03  -6.010076E-02
2026-03-12 13:03:28 INFO     pyxdm.utils.formatting         H   -1.219583E-01  -1.513003E+00   1.273693E+00
2026-03-12 13:03:28 INFO     pyxdm.utils.formatting         H   -1.732618E-01  -3.454197E-01  -1.943539E+00
2026-03-12 13:03:28 INFO     pyxdm.utils.formatting         H   -1.382257E-01   1.857398E+00   6.761672E-01
2026-03-12 13:03:28 INFO     pyxdm.utils.formatting         F   -3.902856E+00  -8.043149E-03   5.872054E-02
2026-03-12 13:03:28 INFO     pyxdm.utils.formatting         
2026-03-12 13:03:28 INFO     pyxdm.cli                      +------------------------------------------------+
2026-03-12 13:03:28 INFO     pyxdm.cli                      |                AIM Scheme: MBIS                |
2026-03-12 13:03:28 INFO     pyxdm.cli                      +------------------------------------------------+
2026-03-12 13:03:29 INFO     pyxdm.cli                      
2026-03-12 13:03:29 INFO     pyxdm.cli                                  Charge [e]  Population [e]
2026-03-12 13:03:29 INFO     pyxdm.cli                      C        -2.901541E-01    6.290154E+00
2026-03-12 13:03:29 INFO     pyxdm.cli                      Cl       -4.505359E-01    1.745054E+01
2026-03-12 13:03:29 INFO     pyxdm.cli                      H         1.939247E-01    8.060753E-01
2026-03-12 13:03:29 INFO     pyxdm.cli                      H         1.940181E-01    8.059819E-01
2026-03-12 13:03:29 INFO     pyxdm.cli                      H         1.941317E-01    8.058683E-01
2026-03-12 13:03:29 INFO     pyxdm.cli                      F        -8.423754E-01    9.842375E+00
2026-03-12 13:03:29 INFO     pyxdm.cli                      Σ_atoms  -1.000991E+00    3.600099E+01
2026-03-12 13:03:29 INFO     pyxdm.cli                      
2026-03-12 13:03:33 INFO     pyxdm.cli                      
2026-03-12 13:03:33 INFO     pyxdm.cli                                     <M1^2>        <M2^2>        <M3^2>
2026-03-12 13:03:33 INFO     pyxdm.cli                      C        6.107148E+00  1.064945E+02  3.060854E+03
2026-03-12 13:03:33 INFO     pyxdm.cli                      Cl       1.250166E+01  2.093995E+02  4.654050E+03
2026-03-12 13:03:33 INFO     pyxdm.cli                      H        9.760358E-01  4.243784E+00  3.697538E+01
2026-03-12 13:03:33 INFO     pyxdm.cli                      H        9.762774E-01  4.243662E+00  3.696543E+01
2026-03-12 13:03:33 INFO     pyxdm.cli                      H        9.762798E-01  4.240682E+00  3.692671E+01
2026-03-12 13:03:33 INFO     pyxdm.cli                      F        8.586447E+00  8.705061E+01  1.462691E+03
2026-03-12 13:03:33 INFO     pyxdm.cli                      Σ_atoms  3.012385E+01  4.156728E+02  9.288461E+03
2026-03-12 13:03:33 INFO     pyxdm.cli                      
2026-03-12 13:03:33 INFO     pyxdm.cli                      Total wall time: 6.51 seconds
2026-03-12 13:03:33 INFO     pyxdm.utils.io                 Writing results to neb_im4.molden.input.h5
2026-03-12 13:03:33 INFO     pyxdm.cli                      +------------------------------------------------+
2026-03-12 13:03:33 INFO     pyxdm.cli                      |       PyXDM terminated successfully! :)        |
2026-03-12 13:03:33 INFO     pyxdm.cli                      +------------------------------------------------+
