2026-03-12 13:04:51 INFO     pyxdm.logger                   
2026-03-12 13:04:51 INFO     pyxdm.logger                   
2026-03-12 13:04:51 INFO     pyxdm.logger                   +=====================================================+
2026-03-12 13:04:51 INFO     pyxdm.logger                   |                                                     |
2026-03-12 13:04:51 INFO     pyxdm.logger                   |                                                     |
2026-03-12 13:04:51 INFO     pyxdm.logger                   |  __________        ____  ___________      _____     |
2026-03-12 13:04:51 INFO     pyxdm.logger                   |  \______   \___.__.\   \/  /\______ \    /     \    |
2026-03-12 13:04:51 INFO     pyxdm.logger                   |   |     ___<   |  | \     /  |    |  \  /  \ /  \   |
2026-03-12 13:04:51 INFO     pyxdm.logger                   |   |    |    \___  | /     \  |    `   \/    Y    \  |
2026-03-12 13:04:51 INFO     pyxdm.logger                   |   |____|    / ____|/___/\  \/_______  /\____|__  /  |
2026-03-12 13:04:51 INFO     pyxdm.logger                   |             \/           \_/        \/         \/   |
2026-03-12 13:04:51 INFO     pyxdm.logger                   |                                                     |
2026-03-12 13:04:51 INFO     pyxdm.logger                   |                                                     |
2026-03-12 13:04:51 INFO     pyxdm.logger                   |  version: 0.1.2                                     |
2026-03-12 13:04:51 INFO     pyxdm.logger                   +=====================================================+
2026-03-12 13:04:51 INFO     pyxdm.logger                   
2026-03-12 13:04:51 INFO     pyxdm.logger                   
2026-03-12 13:04:51 INFO     pyxdm.core.session             Using Becke grid with 24238 points
2026-03-12 13:04:51 INFO     pyxdm.core.core                Assuming closed-shell configuration.
2026-03-12 13:04:53 INFO     pyxdm.utils.formatting         Loaded molecule information:
2026-03-12 13:04:53 INFO     pyxdm.utils.formatting         No. of atoms: 6
2026-03-12 13:04:53 INFO     pyxdm.utils.formatting         Atomic numbers: [ 6 17  1  1  1  9]
2026-03-12 13:04:53 INFO     pyxdm.utils.formatting         Pseudo atomic numbers: [ 6. 17.  1.  1.  1.  9.]
2026-03-12 13:04:53 INFO     pyxdm.utils.formatting         
2026-03-12 13:04:53 INFO     pyxdm.utils.formatting         Coordinates [bohr]
2026-03-12 13:04:53 INFO     pyxdm.utils.formatting                         x              y              z
2026-03-12 13:04:53 INFO     pyxdm.utils.formatting         C   -1.240586E-01  -2.199291E-04   1.440302E-03
2026-03-12 13:04:53 INFO     pyxdm.utils.formatting         Cl   4.175947E+00   8.744986E-03  -6.259780E-02
2026-03-12 13:04:53 INFO     pyxdm.utils.formatting         H   -1.013932E-01  -1.544334E+00   1.299853E+00
2026-03-12 13:04:53 INFO     pyxdm.utils.formatting         H   -1.540075E-01  -3.524715E-01  -1.983767E+00
2026-03-12 13:04:53 INFO     pyxdm.utils.formatting         H   -1.181132E-01   1.895835E+00   6.898830E-01
2026-03-12 13:04:53 INFO     pyxdm.utils.formatting         F   -3.678374E+00  -7.554988E-03   5.518863E-02
2026-03-12 13:04:53 INFO     pyxdm.utils.formatting         
2026-03-12 13:04:53 INFO     pyxdm.cli                      +------------------------------------------------+
2026-03-12 13:04:53 INFO     pyxdm.cli                      |                AIM Scheme: MBIS                |
2026-03-12 13:04:53 INFO     pyxdm.cli                      +------------------------------------------------+
2026-03-12 13:04:53 INFO     pyxdm.cli                      
2026-03-12 13:04:53 INFO     pyxdm.cli                                  Charge [e]  Population [e]
2026-03-12 13:04:53 INFO     pyxdm.cli                      C        -1.894383E-01    6.189438E+00
2026-03-12 13:04:53 INFO     pyxdm.cli                      Cl       -7.475020E-01    1.774750E+01
2026-03-12 13:04:53 INFO     pyxdm.cli                      H         1.915300E-01    8.084700E-01
2026-03-12 13:04:53 INFO     pyxdm.cli                      H         1.914778E-01    8.085222E-01
2026-03-12 13:04:53 INFO     pyxdm.cli                      H         1.916511E-01    8.083489E-01
2026-03-12 13:04:53 INFO     pyxdm.cli                      F        -6.385228E-01    9.638523E+00
2026-03-12 13:04:53 INFO     pyxdm.cli                      Σ_atoms  -1.000804E+00    3.600080E+01
2026-03-12 13:04:53 INFO     pyxdm.cli                      
2026-03-12 13:04:58 INFO     pyxdm.cli                      
2026-03-12 13:04:58 INFO     pyxdm.cli                                     <M1^2>        <M2^2>        <M3^2>
2026-03-12 13:04:58 INFO     pyxdm.cli                      C        6.020079E+00  1.012109E+02  2.728140E+03
2026-03-12 13:04:58 INFO     pyxdm.cli                      Cl       1.454579E+01  2.713629E+02  7.033308E+03
2026-03-12 13:04:58 INFO     pyxdm.cli                      H        9.501368E-01  3.917050E+00  3.138921E+01
2026-03-12 13:04:58 INFO     pyxdm.cli                      H        9.488025E-01  3.912401E+00  3.133724E+01
2026-03-12 13:04:58 INFO     pyxdm.cli                      H        9.493421E-01  3.913683E+00  3.134377E+01
2026-03-12 13:04:58 INFO     pyxdm.cli                      F        7.119307E+00  6.099122E+01  7.977162E+02
2026-03-12 13:04:58 INFO     pyxdm.cli                      Σ_atoms  3.053345E+01  4.453082E+02  1.065323E+04
2026-03-12 13:04:58 INFO     pyxdm.cli                      
2026-03-12 13:04:58 INFO     pyxdm.cli                      Total wall time: 6.68 seconds
2026-03-12 13:04:58 INFO     pyxdm.utils.io                 Writing results to neb_im16.molden.input.h5
2026-03-12 13:04:58 INFO     pyxdm.cli                      +------------------------------------------------+
2026-03-12 13:04:58 INFO     pyxdm.cli                      |       PyXDM terminated successfully! :)        |
2026-03-12 13:04:58 INFO     pyxdm.cli                      +------------------------------------------------+
