2026-03-12 13:04:15 INFO     pyxdm.logger                   
2026-03-12 13:04:15 INFO     pyxdm.logger                   
2026-03-12 13:04:15 INFO     pyxdm.logger                   +=====================================================+
2026-03-12 13:04:15 INFO     pyxdm.logger                   |                                                     |
2026-03-12 13:04:15 INFO     pyxdm.logger                   |                                                     |
2026-03-12 13:04:15 INFO     pyxdm.logger                   |  __________        ____  ___________      _____     |
2026-03-12 13:04:15 INFO     pyxdm.logger                   |  \______   \___.__.\   \/  /\______ \    /     \    |
2026-03-12 13:04:15 INFO     pyxdm.logger                   |   |     ___<   |  | \     /  |    |  \  /  \ /  \   |
2026-03-12 13:04:15 INFO     pyxdm.logger                   |   |    |    \___  | /     \  |    `   \/    Y    \  |
2026-03-12 13:04:15 INFO     pyxdm.logger                   |   |____|    / ____|/___/\  \/_______  /\____|__  /  |
2026-03-12 13:04:15 INFO     pyxdm.logger                   |             \/           \_/        \/         \/   |
2026-03-12 13:04:15 INFO     pyxdm.logger                   |                                                     |
2026-03-12 13:04:15 INFO     pyxdm.logger                   |                                                     |
2026-03-12 13:04:15 INFO     pyxdm.logger                   |  version: 0.1.2                                     |
2026-03-12 13:04:15 INFO     pyxdm.logger                   +=====================================================+
2026-03-12 13:04:15 INFO     pyxdm.logger                   
2026-03-12 13:04:15 INFO     pyxdm.logger                   
2026-03-12 13:04:15 INFO     pyxdm.core.session             Using Becke grid with 24238 points
2026-03-12 13:04:15 INFO     pyxdm.core.core                Assuming closed-shell configuration.
2026-03-12 13:04:17 INFO     pyxdm.utils.formatting         Loaded molecule information:
2026-03-12 13:04:17 INFO     pyxdm.utils.formatting         No. of atoms: 6
2026-03-12 13:04:17 INFO     pyxdm.utils.formatting         Atomic numbers: [ 6 17  1  1  1  9]
2026-03-12 13:04:17 INFO     pyxdm.utils.formatting         Pseudo atomic numbers: [ 6. 17.  1.  1.  1.  9.]
2026-03-12 13:04:17 INFO     pyxdm.utils.formatting         
2026-03-12 13:04:17 INFO     pyxdm.utils.formatting         Coordinates [bohr]
2026-03-12 13:04:17 INFO     pyxdm.utils.formatting                         x              y              z
2026-03-12 13:04:17 INFO     pyxdm.utils.formatting         C    7.835970E-02   1.247344E-04  -1.161488E-03
2026-03-12 13:04:17 INFO     pyxdm.utils.formatting         Cl   4.100821E+00   8.597471E-03  -6.152345E-02
2026-03-12 13:04:17 INFO     pyxdm.utils.formatting         H   -1.136766E-01  -1.537165E+00   1.293982E+00
2026-03-12 13:04:17 INFO     pyxdm.utils.formatting         H   -1.661169E-01  -3.509211E-01  -1.974662E+00
2026-03-12 13:04:17 INFO     pyxdm.utils.formatting         H   -1.303664E-01   1.887075E+00   6.868986E-01
2026-03-12 13:04:17 INFO     pyxdm.utils.formatting         F   -3.769021E+00  -7.710967E-03   5.646670E-02
2026-03-12 13:04:17 INFO     pyxdm.utils.formatting         
2026-03-12 13:04:17 INFO     pyxdm.cli                      +------------------------------------------------+
2026-03-12 13:04:17 INFO     pyxdm.cli                      |                AIM Scheme: MBIS                |
2026-03-12 13:04:17 INFO     pyxdm.cli                      +------------------------------------------------+
2026-03-12 13:04:18 INFO     pyxdm.cli                      
2026-03-12 13:04:18 INFO     pyxdm.cli                                  Charge [e]  Population [e]
2026-03-12 13:04:18 INFO     pyxdm.cli                      C        -2.289360E-01    6.228936E+00
2026-03-12 13:04:18 INFO     pyxdm.cli                      Cl       -6.134992E-01    1.761350E+01
2026-03-12 13:04:18 INFO     pyxdm.cli                      H         1.949340E-01    8.050660E-01
2026-03-12 13:04:18 INFO     pyxdm.cli                      H         1.949359E-01    8.050641E-01
2026-03-12 13:04:18 INFO     pyxdm.cli                      H         1.949211E-01    8.050789E-01
2026-03-12 13:04:18 INFO     pyxdm.cli                      F        -7.435365E-01    9.743536E+00
2026-03-12 13:04:18 INFO     pyxdm.cli                      Σ_atoms  -1.001181E+00    3.600118E+01
2026-03-12 13:04:18 INFO     pyxdm.cli                      
2026-03-12 13:04:22 INFO     pyxdm.cli                      
2026-03-12 13:04:22 INFO     pyxdm.cli                                     <M1^2>        <M2^2>        <M3^2>
2026-03-12 13:04:22 INFO     pyxdm.cli                      C        6.085226E+00  1.046493E+02  2.950198E+03
2026-03-12 13:04:22 INFO     pyxdm.cli                      Cl       1.355549E+01  2.399524E+02  5.774496E+03
2026-03-12 13:04:22 INFO     pyxdm.cli                      H        9.513329E-01  3.978416E+00  3.277468E+01
2026-03-12 13:04:22 INFO     pyxdm.cli                      H        9.508695E-01  3.978969E+00  3.278311E+01
2026-03-12 13:04:22 INFO     pyxdm.cli                      H        9.511008E-01  3.979049E+00  3.278457E+01
2026-03-12 13:04:22 INFO     pyxdm.cli                      F        7.809103E+00  7.274851E+01  1.083746E+03
2026-03-12 13:04:22 INFO     pyxdm.cli                      Σ_atoms  3.030312E+01  4.292867E+02  9.906783E+03
2026-03-12 13:04:22 INFO     pyxdm.cli                      
2026-03-12 13:04:22 INFO     pyxdm.cli                      Total wall time: 6.57 seconds
2026-03-12 13:04:22 INFO     pyxdm.utils.io                 Writing results to neb_im11.molden.input.h5
2026-03-12 13:04:22 INFO     pyxdm.cli                      +------------------------------------------------+
2026-03-12 13:04:22 INFO     pyxdm.cli                      |       PyXDM terminated successfully! :)        |
2026-03-12 13:04:22 INFO     pyxdm.cli                      +------------------------------------------------+
