2026-03-12 13:03:40 INFO     pyxdm.logger                   
2026-03-12 13:03:40 INFO     pyxdm.logger                   
2026-03-12 13:03:40 INFO     pyxdm.logger                   +=====================================================+
2026-03-12 13:03:40 INFO     pyxdm.logger                   |                                                     |
2026-03-12 13:03:40 INFO     pyxdm.logger                   |                                                     |
2026-03-12 13:03:40 INFO     pyxdm.logger                   |  __________        ____  ___________      _____     |
2026-03-12 13:03:40 INFO     pyxdm.logger                   |  \______   \___.__.\   \/  /\______ \    /     \    |
2026-03-12 13:03:40 INFO     pyxdm.logger                   |   |     ___<   |  | \     /  |    |  \  /  \ /  \   |
2026-03-12 13:03:40 INFO     pyxdm.logger                   |   |    |    \___  | /     \  |    `   \/    Y    \  |
2026-03-12 13:03:40 INFO     pyxdm.logger                   |   |____|    / ____|/___/\  \/_______  /\____|__  /  |
2026-03-12 13:03:40 INFO     pyxdm.logger                   |             \/           \_/        \/         \/   |
2026-03-12 13:03:40 INFO     pyxdm.logger                   |                                                     |
2026-03-12 13:03:40 INFO     pyxdm.logger                   |                                                     |
2026-03-12 13:03:40 INFO     pyxdm.logger                   |  version: 0.1.2                                     |
2026-03-12 13:03:40 INFO     pyxdm.logger                   +=====================================================+
2026-03-12 13:03:40 INFO     pyxdm.logger                   
2026-03-12 13:03:40 INFO     pyxdm.logger                   
2026-03-12 13:03:40 INFO     pyxdm.core.session             Using Becke grid with 24238 points
2026-03-12 13:03:40 INFO     pyxdm.core.core                Assuming closed-shell configuration.
2026-03-12 13:03:42 INFO     pyxdm.utils.formatting         Loaded molecule information:
2026-03-12 13:03:42 INFO     pyxdm.utils.formatting         No. of atoms: 6
2026-03-12 13:03:42 INFO     pyxdm.utils.formatting         Atomic numbers: [ 6 17  1  1  1  9]
2026-03-12 13:03:42 INFO     pyxdm.utils.formatting         Pseudo atomic numbers: [ 6. 17.  1.  1.  1.  9.]
2026-03-12 13:03:42 INFO     pyxdm.utils.formatting         
2026-03-12 13:03:42 INFO     pyxdm.utils.formatting         Coordinates [bohr]
2026-03-12 13:03:42 INFO     pyxdm.utils.formatting                         x              y              z
2026-03-12 13:03:42 INFO     pyxdm.utils.formatting         C    2.400481E-01   4.762469E-04  -3.634557E-03
2026-03-12 13:03:42 INFO     pyxdm.utils.formatting         Cl   4.040843E+00   8.476689E-03  -6.058473E-02
2026-03-12 13:03:42 INFO     pyxdm.utils.formatting         H   -1.207939E-01  -1.523568E+00   1.282606E+00
2026-03-12 13:03:42 INFO     pyxdm.utils.formatting         H   -1.726745E-01  -3.478355E-01  -1.957060E+00
2026-03-12 13:03:42 INFO     pyxdm.utils.formatting         H   -1.372816E-01   1.870339E+00   6.809081E-01
2026-03-12 13:03:42 INFO     pyxdm.utils.formatting         F   -3.850141E+00  -7.887617E-03   5.776437E-02
2026-03-12 13:03:42 INFO     pyxdm.utils.formatting         
2026-03-12 13:03:42 INFO     pyxdm.cli                      +------------------------------------------------+
2026-03-12 13:03:42 INFO     pyxdm.cli                      |                AIM Scheme: MBIS                |
2026-03-12 13:03:42 INFO     pyxdm.cli                      +------------------------------------------------+
2026-03-12 13:03:43 INFO     pyxdm.cli                      
2026-03-12 13:03:43 INFO     pyxdm.cli                                  Charge [e]  Population [e]
2026-03-12 13:03:43 INFO     pyxdm.cli                      C        -2.686758E-01    6.268676E+00
2026-03-12 13:03:43 INFO     pyxdm.cli                      Cl       -5.040704E-01    1.750407E+01
2026-03-12 13:03:43 INFO     pyxdm.cli                      H         1.947874E-01    8.052126E-01
2026-03-12 13:03:43 INFO     pyxdm.cli                      H         1.950202E-01    8.049798E-01
2026-03-12 13:03:43 INFO     pyxdm.cli                      H         1.949641E-01    8.050359E-01
2026-03-12 13:03:43 INFO     pyxdm.cli                      F        -8.131528E-01    9.813153E+00
2026-03-12 13:03:43 INFO     pyxdm.cli                      Σ_atoms  -1.001127E+00    3.600113E+01
2026-03-12 13:03:43 INFO     pyxdm.cli                      
2026-03-12 13:03:47 INFO     pyxdm.cli                      
2026-03-12 13:03:47 INFO     pyxdm.cli                                     <M1^2>        <M2^2>        <M3^2>
2026-03-12 13:03:47 INFO     pyxdm.cli                      C        6.109492E+00  1.062852E+02  3.050329E+03
2026-03-12 13:03:47 INFO     pyxdm.cli                      Cl       1.283372E+01  2.186725E+02  4.980678E+03
2026-03-12 13:03:47 INFO     pyxdm.cli                      H        9.654803E-01  4.135984E+00  3.531099E+01
2026-03-12 13:03:47 INFO     pyxdm.cli                      H        9.652183E-01  4.133729E+00  3.526900E+01
2026-03-12 13:03:47 INFO     pyxdm.cli                      H        9.654803E-01  4.133650E+00  3.527680E+01
2026-03-12 13:03:47 INFO     pyxdm.cli                      F        8.336029E+00  8.236893E+01  1.335814E+03
2026-03-12 13:03:47 INFO     pyxdm.cli                      Σ_atoms  3.017542E+01  4.197299E+02  9.472678E+03
2026-03-12 13:03:47 INFO     pyxdm.cli                      
2026-03-12 13:03:47 INFO     pyxdm.cli                      Total wall time: 6.52 seconds
2026-03-12 13:03:47 INFO     pyxdm.utils.io                 Writing results to neb_im6.molden.input.h5
2026-03-12 13:03:47 INFO     pyxdm.cli                      +------------------------------------------------+
2026-03-12 13:03:47 INFO     pyxdm.cli                      |       PyXDM terminated successfully! :)        |
2026-03-12 13:03:47 INFO     pyxdm.cli                      +------------------------------------------------+
