2026-03-12 13:05:57 INFO     pyxdm.logger                   
2026-03-12 13:05:57 INFO     pyxdm.logger                   
2026-03-12 13:05:57 INFO     pyxdm.logger                   +=====================================================+
2026-03-12 13:05:57 INFO     pyxdm.logger                   |                                                     |
2026-03-12 13:05:57 INFO     pyxdm.logger                   |                                                     |
2026-03-12 13:05:57 INFO     pyxdm.logger                   |  __________        ____  ___________      _____     |
2026-03-12 13:05:57 INFO     pyxdm.logger                   |  \______   \___.__.\   \/  /\______ \    /     \    |
2026-03-12 13:05:57 INFO     pyxdm.logger                   |   |     ___<   |  | \     /  |    |  \  /  \ /  \   |
2026-03-12 13:05:57 INFO     pyxdm.logger                   |   |    |    \___  | /     \  |    `   \/    Y    \  |
2026-03-12 13:05:57 INFO     pyxdm.logger                   |   |____|    / ____|/___/\  \/_______  /\____|__  /  |
2026-03-12 13:05:57 INFO     pyxdm.logger                   |             \/           \_/        \/         \/   |
2026-03-12 13:05:57 INFO     pyxdm.logger                   |                                                     |
2026-03-12 13:05:57 INFO     pyxdm.logger                   |                                                     |
2026-03-12 13:05:57 INFO     pyxdm.logger                   |  version: 0.1.2                                     |
2026-03-12 13:05:57 INFO     pyxdm.logger                   +=====================================================+
2026-03-12 13:05:57 INFO     pyxdm.logger                   
2026-03-12 13:05:57 INFO     pyxdm.logger                   
2026-03-12 13:05:57 INFO     pyxdm.core.session             Using Becke grid with 24238 points
2026-03-12 13:05:57 INFO     pyxdm.core.core                Assuming closed-shell configuration.
2026-03-12 13:05:59 INFO     pyxdm.utils.formatting         Loaded molecule information:
2026-03-12 13:05:59 INFO     pyxdm.utils.formatting         No. of atoms: 6
2026-03-12 13:05:59 INFO     pyxdm.utils.formatting         Atomic numbers: [ 6 17  1  1  1  9]
2026-03-12 13:05:59 INFO     pyxdm.utils.formatting         Pseudo atomic numbers: [ 6. 17.  1.  1.  1.  9.]
2026-03-12 13:05:59 INFO     pyxdm.utils.formatting         
2026-03-12 13:05:59 INFO     pyxdm.utils.formatting         Coordinates [bohr]
2026-03-12 13:05:59 INFO     pyxdm.utils.formatting                         x              y              z
2026-03-12 13:05:59 INFO     pyxdm.utils.formatting         C   -8.463882E-01  -1.489509E-03   1.268329E-02
2026-03-12 13:05:59 INFO     pyxdm.utils.formatting         Cl   4.731250E+00   8.651160E-03  -6.958780E-02
2026-03-12 13:05:59 INFO     pyxdm.utils.formatting         H   -1.376841E-01  -1.490894E+00   1.257564E+00
2026-03-12 13:05:59 INFO     pyxdm.utils.formatting         H   -1.776128E-01  -3.401024E-01  -1.912758E+00
2026-03-12 13:05:59 INFO     pyxdm.utils.formatting         H   -1.511228E-01   1.830213E+00   6.684449E-01
2026-03-12 13:05:59 INFO     pyxdm.utils.formatting         F   -3.418443E+00  -6.377654E-03   4.365396E-02
2026-03-12 13:05:59 INFO     pyxdm.utils.formatting         
2026-03-12 13:05:59 INFO     pyxdm.cli                      +------------------------------------------------+
2026-03-12 13:05:59 INFO     pyxdm.cli                      |                AIM Scheme: MBIS                |
2026-03-12 13:05:59 INFO     pyxdm.cli                      +------------------------------------------------+
2026-03-12 13:05:59 INFO     pyxdm.cli                      
2026-03-12 13:05:59 INFO     pyxdm.cli                                  Charge [e]  Population [e]
2026-03-12 13:05:59 INFO     pyxdm.cli                      C        -1.232582E-01    6.123258E+00
2026-03-12 13:05:59 INFO     pyxdm.cli                      Cl       -9.841798E-01    1.798418E+01
2026-03-12 13:05:59 INFO     pyxdm.cli                      H         1.253249E-01    8.746751E-01
2026-03-12 13:05:59 INFO     pyxdm.cli                      H         1.256733E-01    8.743267E-01
2026-03-12 13:05:59 INFO     pyxdm.cli                      H         1.254449E-01    8.745551E-01
2026-03-12 13:05:59 INFO     pyxdm.cli                      F        -2.700029E-01    9.270003E+00
2026-03-12 13:05:59 INFO     pyxdm.cli                      Σ_atoms  -1.000998E+00    3.600100E+01
2026-03-12 13:05:59 INFO     pyxdm.cli                      
2026-03-12 13:06:04 INFO     pyxdm.cli                      
2026-03-12 13:06:04 INFO     pyxdm.cli                                     <M1^2>        <M2^2>        <M3^2>
2026-03-12 13:06:04 INFO     pyxdm.cli                      C        5.672052E+00  8.832249E+01  1.921555E+03
2026-03-12 13:06:04 INFO     pyxdm.cli                      Cl       1.731108E+01  3.633128E+02  1.097033E+04
2026-03-12 13:06:04 INFO     pyxdm.cli                      H        1.144627E+00  5.273884E+00  4.634608E+01
2026-03-12 13:06:04 INFO     pyxdm.cli                      H        1.143418E+00  5.261073E+00  4.619807E+01
2026-03-12 13:06:04 INFO     pyxdm.cli                      H        1.144394E+00  5.268027E+00  4.626557E+01
2026-03-12 13:06:04 INFO     pyxdm.cli                      F        5.131664E+00  3.429137E+01  2.948453E+02
2026-03-12 13:06:04 INFO     pyxdm.cli                      Σ_atoms  3.154723E+01  5.017296E+02  1.332554E+04
2026-03-12 13:06:04 INFO     pyxdm.cli                      
2026-03-12 13:06:04 INFO     pyxdm.cli                      Total wall time: 6.93 seconds
2026-03-12 13:06:04 INFO     pyxdm.utils.io                 Writing results to neb_im25.molden.input.h5
2026-03-12 13:06:04 INFO     pyxdm.cli                      +------------------------------------------------+
2026-03-12 13:06:04 INFO     pyxdm.cli                      |       PyXDM terminated successfully! :)        |
2026-03-12 13:06:04 INFO     pyxdm.cli                      +------------------------------------------------+
