2026-03-12 13:05:42 INFO     pyxdm.logger                   
2026-03-12 13:05:42 INFO     pyxdm.logger                   
2026-03-12 13:05:42 INFO     pyxdm.logger                   +=====================================================+
2026-03-12 13:05:42 INFO     pyxdm.logger                   |                                                     |
2026-03-12 13:05:42 INFO     pyxdm.logger                   |                                                     |
2026-03-12 13:05:42 INFO     pyxdm.logger                   |  __________        ____  ___________      _____     |
2026-03-12 13:05:42 INFO     pyxdm.logger                   |  \______   \___.__.\   \/  /\______ \    /     \    |
2026-03-12 13:05:42 INFO     pyxdm.logger                   |   |     ___<   |  | \     /  |    |  \  /  \ /  \   |
2026-03-12 13:05:42 INFO     pyxdm.logger                   |   |    |    \___  | /     \  |    `   \/    Y    \  |
2026-03-12 13:05:42 INFO     pyxdm.logger                   |   |____|    / ____|/___/\  \/_______  /\____|__  /  |
2026-03-12 13:05:42 INFO     pyxdm.logger                   |             \/           \_/        \/         \/   |
2026-03-12 13:05:42 INFO     pyxdm.logger                   |                                                     |
2026-03-12 13:05:42 INFO     pyxdm.logger                   |                                                     |
2026-03-12 13:05:42 INFO     pyxdm.logger                   |  version: 0.1.2                                     |
2026-03-12 13:05:42 INFO     pyxdm.logger                   +=====================================================+
2026-03-12 13:05:42 INFO     pyxdm.logger                   
2026-03-12 13:05:42 INFO     pyxdm.logger                   
2026-03-12 13:05:42 INFO     pyxdm.core.session             Using Becke grid with 24238 points
2026-03-12 13:05:42 INFO     pyxdm.core.core                Assuming closed-shell configuration.
2026-03-12 13:05:44 INFO     pyxdm.utils.formatting         Loaded molecule information:
2026-03-12 13:05:44 INFO     pyxdm.utils.formatting         No. of atoms: 6
2026-03-12 13:05:44 INFO     pyxdm.utils.formatting         Atomic numbers: [ 6 17  1  1  1  9]
2026-03-12 13:05:44 INFO     pyxdm.utils.formatting         Pseudo atomic numbers: [ 6. 17.  1.  1.  1.  9.]
2026-03-12 13:05:44 INFO     pyxdm.utils.formatting         
2026-03-12 13:05:44 INFO     pyxdm.utils.formatting         Coordinates [bohr]
2026-03-12 13:05:44 INFO     pyxdm.utils.formatting                         x              y              z
2026-03-12 13:05:44 INFO     pyxdm.utils.formatting         C   -8.222075E-01  -1.634148E-03   1.160845E-02
2026-03-12 13:05:44 INFO     pyxdm.utils.formatting         Cl   4.792779E+00   9.647662E-03  -6.838814E-02
2026-03-12 13:05:44 INFO     pyxdm.utils.formatting         H   -1.297220E-01  -1.481037E+00   1.245376E+00
2026-03-12 13:05:44 INFO     pyxdm.utils.formatting         H   -1.844274E-01  -3.380095E-01  -1.904269E+00
2026-03-12 13:05:44 INFO     pyxdm.utils.formatting         H   -1.468825E-01   1.818630E+00   6.604530E-01
2026-03-12 13:05:44 INFO     pyxdm.utils.formatting         F   -3.509539E+00  -7.597021E-03   5.521981E-02
2026-03-12 13:05:44 INFO     pyxdm.utils.formatting         
2026-03-12 13:05:44 INFO     pyxdm.cli                      +------------------------------------------------+
2026-03-12 13:05:44 INFO     pyxdm.cli                      |                AIM Scheme: MBIS                |
2026-03-12 13:05:44 INFO     pyxdm.cli                      +------------------------------------------------+
2026-03-12 13:05:44 INFO     pyxdm.cli                      
2026-03-12 13:05:44 INFO     pyxdm.cli                                  Charge [e]  Population [e]
2026-03-12 13:05:44 INFO     pyxdm.cli                      C        -1.324280E-01    6.132428E+00
2026-03-12 13:05:44 INFO     pyxdm.cli                      Cl       -9.785678E-01    1.797857E+01
2026-03-12 13:05:44 INFO     pyxdm.cli                      H         1.364404E-01    8.635596E-01
2026-03-12 13:05:44 INFO     pyxdm.cli                      H         1.357757E-01    8.642243E-01
2026-03-12 13:05:44 INFO     pyxdm.cli                      H         1.363158E-01    8.636842E-01
2026-03-12 13:05:44 INFO     pyxdm.cli                      F        -2.984586E-01    9.298459E+00
2026-03-12 13:05:44 INFO     pyxdm.cli                      Σ_atoms  -1.000923E+00    3.600092E+01
2026-03-12 13:05:44 INFO     pyxdm.cli                      
2026-03-12 13:05:49 INFO     pyxdm.cli                      
2026-03-12 13:05:49 INFO     pyxdm.cli                                     <M1^2>        <M2^2>        <M3^2>
2026-03-12 13:05:49 INFO     pyxdm.cli                      C        5.750107E+00  8.931394E+01  1.960867E+03
2026-03-12 13:05:49 INFO     pyxdm.cli                      Cl       1.726475E+01  3.604344E+02  1.080386E+04
2026-03-12 13:05:49 INFO     pyxdm.cli                      H        1.106836E+00  4.986117E+00  4.276374E+01
2026-03-12 13:05:49 INFO     pyxdm.cli                      H        1.108889E+00  4.998431E+00  4.292313E+01
2026-03-12 13:05:49 INFO     pyxdm.cli                      H        1.107694E+00  4.988807E+00  4.278965E+01
2026-03-12 13:05:49 INFO     pyxdm.cli                      F        5.300467E+00  3.604143E+01  3.187188E+02
2026-03-12 13:05:49 INFO     pyxdm.cli                      Σ_atoms  3.163874E+01  5.007632E+02  1.321192E+04
2026-03-12 13:05:49 INFO     pyxdm.cli                      
2026-03-12 13:05:49 INFO     pyxdm.cli                      Total wall time: 6.70 seconds
2026-03-12 13:05:49 INFO     pyxdm.utils.io                 Writing results to neb_im23.molden.input.h5
2026-03-12 13:05:49 INFO     pyxdm.cli                      +------------------------------------------------+
2026-03-12 13:05:49 INFO     pyxdm.cli                      |       PyXDM terminated successfully! :)        |
2026-03-12 13:05:49 INFO     pyxdm.cli                      +------------------------------------------------+
