2026-03-12 13:04:22 INFO     pyxdm.logger                   
2026-03-12 13:04:22 INFO     pyxdm.logger                   
2026-03-12 13:04:22 INFO     pyxdm.logger                   +=====================================================+
2026-03-12 13:04:22 INFO     pyxdm.logger                   |                                                     |
2026-03-12 13:04:22 INFO     pyxdm.logger                   |                                                     |
2026-03-12 13:04:22 INFO     pyxdm.logger                   |  __________        ____  ___________      _____     |
2026-03-12 13:04:22 INFO     pyxdm.logger                   |  \______   \___.__.\   \/  /\______ \    /     \    |
2026-03-12 13:04:22 INFO     pyxdm.logger                   |   |     ___<   |  | \     /  |    |  \  /  \ /  \   |
2026-03-12 13:04:22 INFO     pyxdm.logger                   |   |    |    \___  | /     \  |    `   \/    Y    \  |
2026-03-12 13:04:22 INFO     pyxdm.logger                   |   |____|    / ____|/___/\  \/_______  /\____|__  /  |
2026-03-12 13:04:22 INFO     pyxdm.logger                   |             \/           \_/        \/         \/   |
2026-03-12 13:04:22 INFO     pyxdm.logger                   |                                                     |
2026-03-12 13:04:22 INFO     pyxdm.logger                   |                                                     |
2026-03-12 13:04:22 INFO     pyxdm.logger                   |  version: 0.1.2                                     |
2026-03-12 13:04:22 INFO     pyxdm.logger                   +=====================================================+
2026-03-12 13:04:22 INFO     pyxdm.logger                   
2026-03-12 13:04:22 INFO     pyxdm.logger                   
2026-03-12 13:04:22 INFO     pyxdm.core.session             Using Becke grid with 24238 points
2026-03-12 13:04:22 INFO     pyxdm.core.core                Assuming closed-shell configuration.
2026-03-12 13:04:24 INFO     pyxdm.utils.formatting         Loaded molecule information:
2026-03-12 13:04:24 INFO     pyxdm.utils.formatting         No. of atoms: 6
2026-03-12 13:04:24 INFO     pyxdm.utils.formatting         Atomic numbers: [ 6 17  1  1  1  9]
2026-03-12 13:04:24 INFO     pyxdm.utils.formatting         Pseudo atomic numbers: [ 6. 17.  1.  1.  1.  9.]
2026-03-12 13:04:24 INFO     pyxdm.utils.formatting         
2026-03-12 13:04:24 INFO     pyxdm.utils.formatting         Coordinates [bohr]
2026-03-12 13:04:24 INFO     pyxdm.utils.formatting                         x              y              z
2026-03-12 13:04:24 INFO     pyxdm.utils.formatting         C    4.810037E-02   6.193570E-05  -6.971756E-04
2026-03-12 13:04:24 INFO     pyxdm.utils.formatting         Cl   4.112237E+00   8.619099E-03  -6.169148E-02
2026-03-12 13:04:24 INFO     pyxdm.utils.formatting         H   -1.119589E-01  -1.538862E+00   1.295386E+00
2026-03-12 13:04:24 INFO     pyxdm.utils.formatting         H   -1.644623E-01  -3.513049E-01  -1.976890E+00
2026-03-12 13:04:24 INFO     pyxdm.utils.formatting         H   -1.286655E-01   1.889173E+00   6.876302E-01
2026-03-12 13:04:24 INFO     pyxdm.utils.formatting         F   -3.755251E+00  -7.687061E-03   5.626189E-02
2026-03-12 13:04:24 INFO     pyxdm.utils.formatting         
2026-03-12 13:04:24 INFO     pyxdm.cli                      +------------------------------------------------+
2026-03-12 13:04:24 INFO     pyxdm.cli                      |                AIM Scheme: MBIS                |
2026-03-12 13:04:24 INFO     pyxdm.cli                      +------------------------------------------------+
2026-03-12 13:04:25 INFO     pyxdm.cli                      
2026-03-12 13:04:25 INFO     pyxdm.cli                                  Charge [e]  Population [e]
2026-03-12 13:04:25 INFO     pyxdm.cli                      C        -2.223827E-01    6.222383E+00
2026-03-12 13:04:25 INFO     pyxdm.cli                      Cl       -6.341119E-01    1.763411E+01
2026-03-12 13:04:25 INFO     pyxdm.cli                      H         1.947622E-01    8.052378E-01
2026-03-12 13:04:25 INFO     pyxdm.cli                      H         1.947024E-01    8.052976E-01
2026-03-12 13:04:25 INFO     pyxdm.cli                      H         1.947471E-01    8.052529E-01
2026-03-12 13:04:25 INFO     pyxdm.cli                      F        -7.288612E-01    9.728861E+00
2026-03-12 13:04:25 INFO     pyxdm.cli                      Σ_atoms  -1.001144E+00    3.600114E+01
2026-03-12 13:04:25 INFO     pyxdm.cli                      
2026-03-12 13:04:29 INFO     pyxdm.cli                      
2026-03-12 13:04:29 INFO     pyxdm.cli                                     <M1^2>        <M2^2>        <M3^2>
2026-03-12 13:04:29 INFO     pyxdm.cli                      C        6.077874E+00  1.042238E+02  2.922938E+03
2026-03-12 13:04:29 INFO     pyxdm.cli                      Cl       1.369923E+01  2.443634E+02  5.945712E+03
2026-03-12 13:04:29 INFO     pyxdm.cli                      H        9.498018E-01  3.957643E+00  3.241784E+01
2026-03-12 13:04:29 INFO     pyxdm.cli                      H        9.493558E-01  3.959322E+00  3.244187E+01
2026-03-12 13:04:29 INFO     pyxdm.cli                      H        9.494476E-01  3.958480E+00  3.242849E+01
2026-03-12 13:04:29 INFO     pyxdm.cli                      F        7.706624E+00  7.093349E+01  1.037810E+03
2026-03-12 13:04:29 INFO     pyxdm.cli                      Σ_atoms  3.033234E+01  4.313961E+02  1.000375E+04
2026-03-12 13:04:29 INFO     pyxdm.cli                      
2026-03-12 13:04:29 INFO     pyxdm.cli                      Total wall time: 6.66 seconds
2026-03-12 13:04:29 INFO     pyxdm.utils.io                 Writing results to neb_im12.molden.input.h5
2026-03-12 13:04:29 INFO     pyxdm.cli                      +------------------------------------------------+
2026-03-12 13:04:29 INFO     pyxdm.cli                      |       PyXDM terminated successfully! :)        |
2026-03-12 13:04:29 INFO     pyxdm.cli                      +------------------------------------------------+
