2026-03-12 13:05:27 INFO     pyxdm.logger                   
2026-03-12 13:05:27 INFO     pyxdm.logger                   
2026-03-12 13:05:27 INFO     pyxdm.logger                   +=====================================================+
2026-03-12 13:05:27 INFO     pyxdm.logger                   |                                                     |
2026-03-12 13:05:27 INFO     pyxdm.logger                   |                                                     |
2026-03-12 13:05:27 INFO     pyxdm.logger                   |  __________        ____  ___________      _____     |
2026-03-12 13:05:27 INFO     pyxdm.logger                   |  \______   \___.__.\   \/  /\______ \    /     \    |
2026-03-12 13:05:27 INFO     pyxdm.logger                   |   |     ___<   |  | \     /  |    |  \  /  \ /  \   |
2026-03-12 13:05:27 INFO     pyxdm.logger                   |   |    |    \___  | /     \  |    `   \/    Y    \  |
2026-03-12 13:05:27 INFO     pyxdm.logger                   |   |____|    / ____|/___/\  \/_______  /\____|__  /  |
2026-03-12 13:05:27 INFO     pyxdm.logger                   |             \/           \_/        \/         \/   |
2026-03-12 13:05:27 INFO     pyxdm.logger                   |                                                     |
2026-03-12 13:05:27 INFO     pyxdm.logger                   |                                                     |
2026-03-12 13:05:27 INFO     pyxdm.logger                   |  version: 0.1.2                                     |
2026-03-12 13:05:27 INFO     pyxdm.logger                   +=====================================================+
2026-03-12 13:05:27 INFO     pyxdm.logger                   
2026-03-12 13:05:27 INFO     pyxdm.logger                   
2026-03-12 13:05:28 INFO     pyxdm.core.session             Using Becke grid with 24238 points
2026-03-12 13:05:28 INFO     pyxdm.core.core                Assuming closed-shell configuration.
2026-03-12 13:05:29 INFO     pyxdm.utils.formatting         Loaded molecule information:
2026-03-12 13:05:29 INFO     pyxdm.utils.formatting         No. of atoms: 6
2026-03-12 13:05:29 INFO     pyxdm.utils.formatting         Atomic numbers: [ 6 17  1  1  1  9]
2026-03-12 13:05:29 INFO     pyxdm.utils.formatting         Pseudo atomic numbers: [ 6. 17.  1.  1.  1.  9.]
2026-03-12 13:05:29 INFO     pyxdm.utils.formatting         
2026-03-12 13:05:29 INFO     pyxdm.utils.formatting         Coordinates [bohr]
2026-03-12 13:05:29 INFO     pyxdm.utils.formatting                         x              y              z
2026-03-12 13:05:29 INFO     pyxdm.utils.formatting         C   -7.816885E-01  -1.587972E-03   1.113878E-02
2026-03-12 13:05:29 INFO     pyxdm.utils.formatting         Cl   4.621941E+00   9.798677E-03  -6.824133E-02
2026-03-12 13:05:29 INFO     pyxdm.utils.formatting         H   -9.915650E-02  -1.483674E+00   1.248241E+00
2026-03-12 13:05:29 INFO     pyxdm.utils.formatting         H   -1.494126E-01  -3.389561E-01  -1.907386E+00
2026-03-12 13:05:29 INFO     pyxdm.utils.formatting         H   -1.147382E-01   1.821640E+00   6.624850E-01
2026-03-12 13:05:29 INFO     pyxdm.utils.formatting         F   -3.476945E+00  -7.220359E-03   5.376214E-02
2026-03-12 13:05:29 INFO     pyxdm.utils.formatting         
2026-03-12 13:05:29 INFO     pyxdm.cli                      +------------------------------------------------+
2026-03-12 13:05:29 INFO     pyxdm.cli                      |                AIM Scheme: MBIS                |
2026-03-12 13:05:29 INFO     pyxdm.cli                      +------------------------------------------------+
2026-03-12 13:05:30 INFO     pyxdm.cli                      
2026-03-12 13:05:30 INFO     pyxdm.cli                                  Charge [e]  Population [e]
2026-03-12 13:05:30 INFO     pyxdm.cli                      C        -1.390021E-01    6.139002E+00
2026-03-12 13:05:30 INFO     pyxdm.cli                      Cl       -9.775004E-01    1.797750E+01
2026-03-12 13:05:30 INFO     pyxdm.cli                      H         1.403083E-01    8.596917E-01
2026-03-12 13:05:30 INFO     pyxdm.cli                      H         1.400256E-01    8.599744E-01
2026-03-12 13:05:30 INFO     pyxdm.cli                      H         1.403405E-01    8.596595E-01
2026-03-12 13:05:30 INFO     pyxdm.cli                      F        -3.050792E-01    9.305079E+00
2026-03-12 13:05:30 INFO     pyxdm.cli                      Σ_atoms  -1.000907E+00    3.600091E+01
2026-03-12 13:05:30 INFO     pyxdm.cli                      
2026-03-12 13:05:34 INFO     pyxdm.cli                      
2026-03-12 13:05:34 INFO     pyxdm.cli                                     <M1^2>        <M2^2>        <M3^2>
2026-03-12 13:05:34 INFO     pyxdm.cli                      C        5.741051E+00  8.965387E+01  1.985091E+03
2026-03-12 13:05:34 INFO     pyxdm.cli                      Cl       1.708659E+01  3.559090E+02  1.063602E+04
2026-03-12 13:05:34 INFO     pyxdm.cli                      H        1.093250E+00  4.887978E+00  4.159864E+01
2026-03-12 13:05:34 INFO     pyxdm.cli                      H        1.094542E+00  4.895381E+00  4.169816E+01
2026-03-12 13:05:34 INFO     pyxdm.cli                      H        1.093696E+00  4.888309E+00  4.159498E+01
2026-03-12 13:05:34 INFO     pyxdm.cli                      F        5.329523E+00  3.640899E+01  3.245157E+02
2026-03-12 13:05:34 INFO     pyxdm.cli                      Σ_atoms  3.143865E+01  4.966435E+02  1.307052E+04
2026-03-12 13:05:34 INFO     pyxdm.cli                      
2026-03-12 13:05:34 INFO     pyxdm.cli                      Total wall time: 6.99 seconds
2026-03-12 13:05:34 INFO     pyxdm.utils.io                 Writing results to neb_im21.molden.input.h5
2026-03-12 13:05:35 INFO     pyxdm.cli                      +------------------------------------------------+
2026-03-12 13:05:35 INFO     pyxdm.cli                      |       PyXDM terminated successfully! :)        |
2026-03-12 13:05:35 INFO     pyxdm.cli                      +------------------------------------------------+
