2026-03-12 13:05:35 INFO     pyxdm.logger                   
2026-03-12 13:05:35 INFO     pyxdm.logger                   
2026-03-12 13:05:35 INFO     pyxdm.logger                   +=====================================================+
2026-03-12 13:05:35 INFO     pyxdm.logger                   |                                                     |
2026-03-12 13:05:35 INFO     pyxdm.logger                   |                                                     |
2026-03-12 13:05:35 INFO     pyxdm.logger                   |  __________        ____  ___________      _____     |
2026-03-12 13:05:35 INFO     pyxdm.logger                   |  \______   \___.__.\   \/  /\______ \    /     \    |
2026-03-12 13:05:35 INFO     pyxdm.logger                   |   |     ___<   |  | \     /  |    |  \  /  \ /  \   |
2026-03-12 13:05:35 INFO     pyxdm.logger                   |   |    |    \___  | /     \  |    `   \/    Y    \  |
2026-03-12 13:05:35 INFO     pyxdm.logger                   |   |____|    / ____|/___/\  \/_______  /\____|__  /  |
2026-03-12 13:05:35 INFO     pyxdm.logger                   |             \/           \_/        \/         \/   |
2026-03-12 13:05:35 INFO     pyxdm.logger                   |                                                     |
2026-03-12 13:05:35 INFO     pyxdm.logger                   |                                                     |
2026-03-12 13:05:35 INFO     pyxdm.logger                   |  version: 0.1.2                                     |
2026-03-12 13:05:35 INFO     pyxdm.logger                   +=====================================================+
2026-03-12 13:05:35 INFO     pyxdm.logger                   
2026-03-12 13:05:35 INFO     pyxdm.logger                   
2026-03-12 13:05:35 INFO     pyxdm.core.session             Using Becke grid with 24238 points
2026-03-12 13:05:35 INFO     pyxdm.core.core                Assuming closed-shell configuration.
2026-03-12 13:05:37 INFO     pyxdm.utils.formatting         Loaded molecule information:
2026-03-12 13:05:37 INFO     pyxdm.utils.formatting         No. of atoms: 6
2026-03-12 13:05:37 INFO     pyxdm.utils.formatting         Atomic numbers: [ 6 17  1  1  1  9]
2026-03-12 13:05:37 INFO     pyxdm.utils.formatting         Pseudo atomic numbers: [ 6. 17.  1.  1.  1.  9.]
2026-03-12 13:05:37 INFO     pyxdm.utils.formatting         
2026-03-12 13:05:37 INFO     pyxdm.utils.formatting         Coordinates [bohr]
2026-03-12 13:05:37 INFO     pyxdm.utils.formatting                         x              y              z
2026-03-12 13:05:37 INFO     pyxdm.utils.formatting         C   -8.063129E-01  -1.566193E-03   1.085333E-02
2026-03-12 13:05:37 INFO     pyxdm.utils.formatting         Cl   4.718017E+00   9.484118E-03  -6.613369E-02
2026-03-12 13:05:37 INFO     pyxdm.utils.formatting         H   -1.141459E-01  -1.480790E+00   1.244974E+00
2026-03-12 13:05:37 INFO     pyxdm.utils.formatting         H   -1.710367E-01  -3.383620E-01  -1.905847E+00
2026-03-12 13:05:37 INFO     pyxdm.utils.formatting         H   -1.318555E-01   1.818745E+00   6.604110E-01
2026-03-12 13:05:37 INFO     pyxdm.utils.formatting         F   -3.494666E+00  -7.510686E-03   5.574227E-02
2026-03-12 13:05:37 INFO     pyxdm.utils.formatting         
2026-03-12 13:05:37 INFO     pyxdm.cli                      +------------------------------------------------+
2026-03-12 13:05:37 INFO     pyxdm.cli                      |                AIM Scheme: MBIS                |
2026-03-12 13:05:37 INFO     pyxdm.cli                      +------------------------------------------------+
2026-03-12 13:05:37 INFO     pyxdm.cli                      
2026-03-12 13:05:37 INFO     pyxdm.cli                                  Charge [e]  Population [e]
2026-03-12 13:05:37 INFO     pyxdm.cli                      C        -1.348646E-01    6.134865E+00
2026-03-12 13:05:37 INFO     pyxdm.cli                      Cl       -9.782898E-01    1.797829E+01
2026-03-12 13:05:37 INFO     pyxdm.cli                      H         1.378777E-01    8.621223E-01
2026-03-12 13:05:37 INFO     pyxdm.cli                      H         1.371147E-01    8.628853E-01
2026-03-12 13:05:37 INFO     pyxdm.cli                      H         1.377418E-01    8.622582E-01
2026-03-12 13:05:37 INFO     pyxdm.cli                      F        -3.005019E-01    9.300502E+00
2026-03-12 13:05:37 INFO     pyxdm.cli                      Σ_atoms  -1.000922E+00    3.600092E+01
2026-03-12 13:05:37 INFO     pyxdm.cli                      
2026-03-12 13:05:42 INFO     pyxdm.cli                      
2026-03-12 13:05:42 INFO     pyxdm.cli                                     <M1^2>        <M2^2>        <M3^2>
2026-03-12 13:05:42 INFO     pyxdm.cli                      C        5.743752E+00  8.939068E+01  1.968291E+03
2026-03-12 13:05:42 INFO     pyxdm.cli                      Cl       1.719085E+01  3.585669E+02  1.073474E+04
2026-03-12 13:05:42 INFO     pyxdm.cli                      H        1.101325E+00  4.946657E+00  4.229066E+01
2026-03-12 13:05:42 INFO     pyxdm.cli                      H        1.103878E+00  4.961903E+00  4.248488E+01
2026-03-12 13:05:42 INFO     pyxdm.cli                      H        1.102261E+00  4.949680E+00  4.232021E+01
2026-03-12 13:05:42 INFO     pyxdm.cli                      F        5.308974E+00  3.615482E+01  3.205532E+02
2026-03-12 13:05:42 INFO     pyxdm.cli                      Σ_atoms  3.155104E+01  4.989707E+02  1.315068E+04
2026-03-12 13:05:42 INFO     pyxdm.cli                      
2026-03-12 13:05:42 INFO     pyxdm.cli                      Total wall time: 6.78 seconds
2026-03-12 13:05:42 INFO     pyxdm.utils.io                 Writing results to neb_im22.molden.input.h5
2026-03-12 13:05:42 INFO     pyxdm.cli                      +------------------------------------------------+
2026-03-12 13:05:42 INFO     pyxdm.cli                      |       PyXDM terminated successfully! :)        |
2026-03-12 13:05:42 INFO     pyxdm.cli                      +------------------------------------------------+
