2026-03-12 13:04:29 INFO     pyxdm.logger                   
2026-03-12 13:04:29 INFO     pyxdm.logger                   
2026-03-12 13:04:29 INFO     pyxdm.logger                   +=====================================================+
2026-03-12 13:04:29 INFO     pyxdm.logger                   |                                                     |
2026-03-12 13:04:29 INFO     pyxdm.logger                   |                                                     |
2026-03-12 13:04:29 INFO     pyxdm.logger                   |  __________        ____  ___________      _____     |
2026-03-12 13:04:29 INFO     pyxdm.logger                   |  \______   \___.__.\   \/  /\______ \    /     \    |
2026-03-12 13:04:29 INFO     pyxdm.logger                   |   |     ___<   |  | \     /  |    |  \  /  \ /  \   |
2026-03-12 13:04:29 INFO     pyxdm.logger                   |   |    |    \___  | /     \  |    `   \/    Y    \  |
2026-03-12 13:04:29 INFO     pyxdm.logger                   |   |____|    / ____|/___/\  \/_______  /\____|__  /  |
2026-03-12 13:04:29 INFO     pyxdm.logger                   |             \/           \_/        \/         \/   |
2026-03-12 13:04:29 INFO     pyxdm.logger                   |                                                     |
2026-03-12 13:04:29 INFO     pyxdm.logger                   |                                                     |
2026-03-12 13:04:29 INFO     pyxdm.logger                   |  version: 0.1.2                                     |
2026-03-12 13:04:29 INFO     pyxdm.logger                   +=====================================================+
2026-03-12 13:04:29 INFO     pyxdm.logger                   
2026-03-12 13:04:29 INFO     pyxdm.logger                   
2026-03-12 13:04:29 INFO     pyxdm.core.session             Using Becke grid with 24238 points
2026-03-12 13:04:29 INFO     pyxdm.core.core                Assuming closed-shell configuration.
2026-03-12 13:04:31 INFO     pyxdm.utils.formatting         Loaded molecule information:
2026-03-12 13:04:31 INFO     pyxdm.utils.formatting         No. of atoms: 6
2026-03-12 13:04:31 INFO     pyxdm.utils.formatting         Atomic numbers: [ 6 17  1  1  1  9]
2026-03-12 13:04:31 INFO     pyxdm.utils.formatting         Pseudo atomic numbers: [ 6. 17.  1.  1.  1.  9.]
2026-03-12 13:04:31 INFO     pyxdm.utils.formatting         
2026-03-12 13:04:31 INFO     pyxdm.utils.formatting         Coordinates [bohr]
2026-03-12 13:04:31 INFO     pyxdm.utils.formatting                         x              y              z
2026-03-12 13:04:31 INFO     pyxdm.utils.formatting         C    1.472135E-02  -4.346000E-07  -2.257496E-04
2026-03-12 13:04:31 INFO     pyxdm.utils.formatting         Cl   4.124778E+00   8.643321E-03  -6.187425E-02
2026-03-12 13:04:31 INFO     pyxdm.utils.formatting         H   -1.099869E-01  -1.540471E+00   1.296715E+00
2026-03-12 13:04:31 INFO     pyxdm.utils.formatting         H   -1.625461E-01  -3.516633E-01  -1.978973E+00
2026-03-12 13:04:31 INFO     pyxdm.utils.formatting         H   -1.267062E-01   1.891153E+00   6.883171E-01
2026-03-12 13:04:31 INFO     pyxdm.utils.formatting         F   -3.740260E+00  -7.661346E-03   5.604083E-02
2026-03-12 13:04:31 INFO     pyxdm.utils.formatting         
2026-03-12 13:04:31 INFO     pyxdm.cli                      +------------------------------------------------+
2026-03-12 13:04:31 INFO     pyxdm.cli                      |                AIM Scheme: MBIS                |
2026-03-12 13:04:31 INFO     pyxdm.cli                      +------------------------------------------------+
2026-03-12 13:04:32 INFO     pyxdm.cli                      
2026-03-12 13:04:32 INFO     pyxdm.cli                                  Charge [e]  Population [e]
2026-03-12 13:04:32 INFO     pyxdm.cli                      C        -2.155159E-01    6.215516E+00
2026-03-12 13:04:32 INFO     pyxdm.cli                      Cl       -6.567187E-01    1.765672E+01
2026-03-12 13:04:32 INFO     pyxdm.cli                      H         1.944696E-01    8.055304E-01
2026-03-12 13:04:32 INFO     pyxdm.cli                      H         1.943645E-01    8.056355E-01
2026-03-12 13:04:32 INFO     pyxdm.cli                      H         1.944697E-01    8.055303E-01
2026-03-12 13:04:32 INFO     pyxdm.cli                      F        -7.121624E-01    9.712162E+00
2026-03-12 13:04:32 INFO     pyxdm.cli                      Σ_atoms  -1.001093E+00    3.600109E+01
2026-03-12 13:04:32 INFO     pyxdm.cli                      
2026-03-12 13:04:36 INFO     pyxdm.cli                      
2026-03-12 13:04:36 INFO     pyxdm.cli                                     <M1^2>        <M2^2>        <M3^2>
2026-03-12 13:04:36 INFO     pyxdm.cli                      C        6.068939E+00  1.037196E+02  2.890307E+03
2026-03-12 13:04:36 INFO     pyxdm.cli                      Cl       1.386018E+01  2.493672E+02  6.142444E+03
2026-03-12 13:04:36 INFO     pyxdm.cli                      H        9.485232E-01  3.938986E+00  3.207978E+01
2026-03-12 13:04:36 INFO     pyxdm.cli                      H        9.481125E-01  3.940952E+00  3.210851E+01
2026-03-12 13:04:36 INFO     pyxdm.cli                      H        9.480684E-01  3.939549E+00  3.208500E+01
2026-03-12 13:04:36 INFO     pyxdm.cli                      F        7.592856E+00  6.894444E+01  9.881403E+02
2026-03-12 13:04:36 INFO     pyxdm.cli                      Σ_atoms  3.036668E+01  4.338507E+02  1.011716E+04
2026-03-12 13:04:36 INFO     pyxdm.cli                      
2026-03-12 13:04:36 INFO     pyxdm.cli                      Total wall time: 6.72 seconds
2026-03-12 13:04:36 INFO     pyxdm.utils.io                 Writing results to neb_im13.molden.input.h5
2026-03-12 13:04:36 INFO     pyxdm.cli                      +------------------------------------------------+
2026-03-12 13:04:36 INFO     pyxdm.cli                      |       PyXDM terminated successfully! :)        |
2026-03-12 13:04:36 INFO     pyxdm.cli                      +------------------------------------------------+
